17:41:41 **** Incremental Build of configuration Debug for project SPI ****
make -j16 all 
arm-none-eabi-gcc "C:/Users/ahmed/Desktop/github/embedded_diploma/embedded_diplom/learn_in_depth/Unit_8_MCU_Interfacing/lesson4_SPI_STM_driver/SPI/app layer/test_spi_polling.c" -mcpu=cortex-m3 -std=gnu11 -g3 -DDEBUG -DSTM32 -DSTM32F103C4Tx -DSTM32F1 -c -I../Inc -O0 -ffunction-sections -fdata-sections -Wall -gdwarf-2 -fstack-usage -fcyclomatic-complexity -MMD -MP -MF"app layer/test_spi_polling.d" -MT"app layer/test_spi_polling.o" --specs=nano.specs -mfloat-abi=soft -mthumb -o "app layer/test_spi_polling.o"
C:/Users/ahmed/Desktop/github/embedded_diploma/embedded_diplom/learn_in_depth/Unit_8_MCU_Interfacing/lesson4_SPI_STM_driver/SPI/app layer/test_spi_polling.c: In function 'SPI_Debug_Analyze_SPI_Master':
C:/Users/ahmed/Desktop/github/embedded_diploma/embedded_diplom/learn_in_depth/Unit_8_MCU_Interfacing/lesson4_SPI_STM_driver/SPI/app layer/test_spi_polling.c:38:32: warning: variable 'USART1_Config' set but not used [-Wunused-but-set-variable]
   38 |                 USART_Config_t USART1_Config;
      |                                ^~~~~~~~~~~~~
arm-none-eabi-gcc -o "SPI.elf" @"objects.list"   -mcpu=cortex-m3 -T"C:\Users\ahmed\Desktop\github\embedded_diploma\embedded_diplom\learn_in_depth\Unit_8_MCU_Interfacing\lesson4_SPI_STM_driver\SPI\STM32F103C4TX_FLASH.ld" --specs=nosys.specs -Wl,-Map="SPI.map" -Wl,--gc-sections -static --specs=nano.specs -mfloat-abi=soft -mthumb -Wl,--start-group -lc -lm -Wl,--end-group
Finished building target: SPI.elf
 
arm-none-eabi-size  SPI.elf 
arm-none-eabi-objdump -h -S SPI.elf  > "SPI.list"
   text	   data	    bss	    dec	    hex	filename
   1344	      8	   1648	   3000	    bb8	SPI.elf
Finished building: default.size.stdout
Finished building: SPI.list
 
 
