18:13:59 **** Incremental Build of configuration Release for project UART_DRIVER ****
make -j16 all 
arm-none-eabi-gcc "../app layer/test_uart_polling.c" -mcpu=cortex-m3 -std=gnu11 -g3 -DSTM32 -DSTM32F1 -DSTM32F103C6Tx -c -I../Inc -I"C:/Users/ahmed/Desktop/github/embedded_diploma/embedded_diplom/learn_in_depth/Unit_8_MCU_Interfacing/lesson_3_USART_stm/UART_DRIVER/MCAL/inc" -I"C:/Users/ahmed/Desktop/github/embedded_diploma/embedded_diplom/learn_in_depth/Unit_8_MCU_Interfacing/lesson_3_USART_stm/UART_DRIVER/app layer/inc" -O0 -ffunction-sections -fdata-sections -Wall -gdwarf-2 -fstack-usage -fcyclomatic-complexity -MMD -MP -MF"app layer/test_uart_polling.d" -MT"app layer/test_uart_polling.o" --specs=nano.specs -mfloat-abi=soft -mthumb -o "app layer/test_uart_polling.o"
arm-none-eabi-gcc "../Src/main.c" -mcpu=cortex-m3 -std=gnu11 -g3 -DSTM32 -DSTM32F1 -DSTM32F103C6Tx -c -I../Inc -I"C:/Users/ahmed/Desktop/github/embedded_diploma/embedded_diplom/learn_in_depth/Unit_8_MCU_Interfacing/lesson_3_USART_stm/UART_DRIVER/MCAL/inc" -I"C:/Users/ahmed/Desktop/github/embedded_diploma/embedded_diplom/learn_in_depth/Unit_8_MCU_Interfacing/lesson_3_USART_stm/UART_DRIVER/app layer/inc" -O0 -ffunction-sections -fdata-sections -Wall -gdwarf-2 -fstack-usage -fcyclomatic-complexity -MMD -MP -MF"Src/main.d" -MT"Src/main.o" --specs=nano.specs -mfloat-abi=soft -mthumb -o "Src/main.o"
arm-none-eabi-gcc -o "UART_DRIVER.elf" @"objects.list"   -mcpu=cortex-m3 -T"C:\Users\ahmed\Desktop\github\embedded_diploma\embedded_diplom\learn_in_depth\Unit_8_MCU_Interfacing\lesson_3_USART_stm\UART_DRIVER\STM32F103C6TX_FLASH.ld" --specs=nosys.specs -Wl,-Map="UART_DRIVER.map" -Wl,--gc-sections -static --specs=nano.specs -mfloat-abi=soft -mthumb -Wl,--start-group -lc -lm -Wl,--end-group
Finished building target: UART_DRIVER.elf
 
arm-none-eabi-size  UART_DRIVER.elf 
arm-none-eabi-objdump -h -S UART_DRIVER.elf  > "UART_DRIVER.list"
   text	   data	    bss	    dec	    hex	filename
   3184	      8	   1640	   4832	   12e0	UART_DRIVER.elf
Finished building: default.size.stdout
 
Finished building: UART_DRIVER.list
 

18:14:00 Build Finished. 0 errors, 0 warnings. (took 763ms)

