C:/Users/ahmed/Desktop/github/embedded_diploma/embedded_diplom/learn_in_depth/Unit_8_MCU_Interfacing/lesson_3_USART_stm/UART_DRIVER_INTERRUPT/UART/MCAL/stm32f103c6tx_UASRT.c:23:6:MCAL_UART_Init	24	static
C:/Users/ahmed/Desktop/github/embedded_diploma/embedded_diplom/learn_in_depth/Unit_8_MCU_Interfacing/lesson_3_USART_stm/UART_DRIVER_INTERRUPT/UART/MCAL/stm32f103c6tx_UASRT.c:104:6:MCAL_UART_DeInit	16	static
C:/Users/ahmed/Desktop/github/embedded_diploma/embedded_diplom/learn_in_depth/Unit_8_MCU_Interfacing/lesson_3_USART_stm/UART_DRIVER_INTERRUPT/UART/MCAL/stm32f103c6tx_UASRT.c:138:6:MCAL_UART_SendData	24	static
C:/Users/ahmed/Desktop/github/embedded_diploma/embedded_diplom/learn_in_depth/Unit_8_MCU_Interfacing/lesson_3_USART_stm/UART_DRIVER_INTERRUPT/UART/MCAL/stm32f103c6tx_UASRT.c:194:6:MCAL_UART_WAIT_TC	16	static
C:/Users/ahmed/Desktop/github/embedded_diploma/embedded_diplom/learn_in_depth/Unit_8_MCU_Interfacing/lesson_3_USART_stm/UART_DRIVER_INTERRUPT/UART/MCAL/stm32f103c6tx_UASRT.c:200:6:MCAL_UART_ReceiveData	24	static
C:/Users/ahmed/Desktop/github/embedded_diploma/embedded_diplom/learn_in_depth/Unit_8_MCU_Interfacing/lesson_3_USART_stm/UART_DRIVER_INTERRUPT/UART/MCAL/stm32f103c6tx_UASRT.c:312:6:MCAL_UART_GPIO_Set_Pins	24	static
C:/Users/ahmed/Desktop/github/embedded_diploma/embedded_diplom/learn_in_depth/Unit_8_MCU_Interfacing/lesson_3_USART_stm/UART_DRIVER_INTERRUPT/UART/MCAL/stm32f103c6tx_UASRT.c:429:6:USART1_IRQHandler	8	static
C:/Users/ahmed/Desktop/github/embedded_diploma/embedded_diplom/learn_in_depth/Unit_8_MCU_Interfacing/lesson_3_USART_stm/UART_DRIVER_INTERRUPT/UART/MCAL/stm32f103c6tx_UASRT.c:434:6:USART2_IRQHandler	8	static
C:/Users/ahmed/Desktop/github/embedded_diploma/embedded_diplom/learn_in_depth/Unit_8_MCU_Interfacing/lesson_3_USART_stm/UART_DRIVER_INTERRUPT/UART/MCAL/stm32f103c6tx_UASRT.c:439:6:USART3_IRQHandler	8	static
