../MCAL/stm32f103c6tx_EXTI.c:46:6:MCAL_EXTI_GPIO_Init	16	static
../MCAL/stm32f103c6tx_EXTI.c:57:6:MCAL_EXTI_GPIO_DeInit	4	static
../MCAL/stm32f103c6tx_EXTI.c:84:6:MCAL_EXTI_GPIO_Update	16	static
../MCAL/stm32f103c6tx_EXTI.c:89:13:Update_EXTI	24	static
../MCAL/stm32f103c6tx_EXTI.c:176:6:EXTI0_IRQHandler	8	static
../MCAL/stm32f103c6tx_EXTI.c:187:6:EXTI1_IRQHandler	8	static
../MCAL/stm32f103c6tx_EXTI.c:198:6:EXTI2_IRQHandler	8	static
../MCAL/stm32f103c6tx_EXTI.c:209:6:EXTI3_IRQHandler	8	static
../MCAL/stm32f103c6tx_EXTI.c:220:6:EXTI4_IRQHandler	8	static
../MCAL/stm32f103c6tx_EXTI.c:231:6:EXTI9_5_IRQHandler	8	static
../MCAL/stm32f103c6tx_EXTI.c:241:6:EXTI15_10_IRQHandler	8	static
../MCAL/stm32f103c6tx_EXTI.c:251:13:Enable_NVIC	16	static
../MCAL/stm32f103c6tx_EXTI.c:274:13:Disable_NVIC	16	static
