Archive member included to satisfy reference by file (symbol)

C:/ST/STM32CubeIDE_1.13.2/STM32CubeIDE/plugins/com.st.stm32cube.ide.mcu.externaltools.gnu-tools-for-stm32.11.3.rel1.win32_1.1.1.202309131626/tools/bin/../lib/gcc/arm-none-eabi/11.3.1/../../../../arm-none-eabi/lib/thumb/v7-m/nofp\libc_nano.a(libc_a-exit.o)
                              C:/ST/STM32CubeIDE_1.13.2/STM32CubeIDE/plugins/com.st.stm32cube.ide.mcu.externaltools.gnu-tools-for-stm32.11.3.rel1.win32_1.1.1.202309131626/tools/bin/../lib/gcc/arm-none-eabi/11.3.1/../../../../arm-none-eabi/lib/thumb/v7-m/nofp/crt0.o (exit)
C:/ST/STM32CubeIDE_1.13.2/STM32CubeIDE/plugins/com.st.stm32cube.ide.mcu.externaltools.gnu-tools-for-stm32.11.3.rel1.win32_1.1.1.202309131626/tools/bin/../lib/gcc/arm-none-eabi/11.3.1/../../../../arm-none-eabi/lib/thumb/v7-m/nofp\libc_nano.a(libc_a-findfp.o)
                              C:/ST/STM32CubeIDE_1.13.2/STM32CubeIDE/plugins/com.st.stm32cube.ide.mcu.externaltools.gnu-tools-for-stm32.11.3.rel1.win32_1.1.1.202309131626/tools/bin/../lib/gcc/arm-none-eabi/11.3.1/../../../../arm-none-eabi/lib/thumb/v7-m/nofp\libc_nano.a(libc_a-exit.o) (__stdio_exit_handler)
C:/ST/STM32CubeIDE_1.13.2/STM32CubeIDE/plugins/com.st.stm32cube.ide.mcu.externaltools.gnu-tools-for-stm32.11.3.rel1.win32_1.1.1.202309131626/tools/bin/../lib/gcc/arm-none-eabi/11.3.1/../../../../arm-none-eabi/lib/thumb/v7-m/nofp\libc_nano.a(libc_a-fwalk.o)
                              C:/ST/STM32CubeIDE_1.13.2/STM32CubeIDE/plugins/com.st.stm32cube.ide.mcu.externaltools.gnu-tools-for-stm32.11.3.rel1.win32_1.1.1.202309131626/tools/bin/../lib/gcc/arm-none-eabi/11.3.1/../../../../arm-none-eabi/lib/thumb/v7-m/nofp\libc_nano.a(libc_a-findfp.o) (_fwalk_sglue)
C:/ST/STM32CubeIDE_1.13.2/STM32CubeIDE/plugins/com.st.stm32cube.ide.mcu.externaltools.gnu-tools-for-stm32.11.3.rel1.win32_1.1.1.202309131626/tools/bin/../lib/gcc/arm-none-eabi/11.3.1/../../../../arm-none-eabi/lib/thumb/v7-m/nofp\libc_nano.a(libc_a-stdio.o)
                              C:/ST/STM32CubeIDE_1.13.2/STM32CubeIDE/plugins/com.st.stm32cube.ide.mcu.externaltools.gnu-tools-for-stm32.11.3.rel1.win32_1.1.1.202309131626/tools/bin/../lib/gcc/arm-none-eabi/11.3.1/../../../../arm-none-eabi/lib/thumb/v7-m/nofp\libc_nano.a(libc_a-findfp.o) (__sread)
C:/ST/STM32CubeIDE_1.13.2/STM32CubeIDE/plugins/com.st.stm32cube.ide.mcu.externaltools.gnu-tools-for-stm32.11.3.rel1.win32_1.1.1.202309131626/tools/bin/../lib/gcc/arm-none-eabi/11.3.1/../../../../arm-none-eabi/lib/thumb/v7-m/nofp\libc_nano.a(libc_a-memset.o)
                              C:/ST/STM32CubeIDE_1.13.2/STM32CubeIDE/plugins/com.st.stm32cube.ide.mcu.externaltools.gnu-tools-for-stm32.11.3.rel1.win32_1.1.1.202309131626/tools/bin/../lib/gcc/arm-none-eabi/11.3.1/../../../../arm-none-eabi/lib/thumb/v7-m/nofp/crt0.o (memset)
C:/ST/STM32CubeIDE_1.13.2/STM32CubeIDE/plugins/com.st.stm32cube.ide.mcu.externaltools.gnu-tools-for-stm32.11.3.rel1.win32_1.1.1.202309131626/tools/bin/../lib/gcc/arm-none-eabi/11.3.1/../../../../arm-none-eabi/lib/thumb/v7-m/nofp\libc_nano.a(libc_a-closer.o)
                              C:/ST/STM32CubeIDE_1.13.2/STM32CubeIDE/plugins/com.st.stm32cube.ide.mcu.externaltools.gnu-tools-for-stm32.11.3.rel1.win32_1.1.1.202309131626/tools/bin/../lib/gcc/arm-none-eabi/11.3.1/../../../../arm-none-eabi/lib/thumb/v7-m/nofp\libc_nano.a(libc_a-stdio.o) (_close_r)
C:/ST/STM32CubeIDE_1.13.2/STM32CubeIDE/plugins/com.st.stm32cube.ide.mcu.externaltools.gnu-tools-for-stm32.11.3.rel1.win32_1.1.1.202309131626/tools/bin/../lib/gcc/arm-none-eabi/11.3.1/../../../../arm-none-eabi/lib/thumb/v7-m/nofp\libc_nano.a(libc_a-reent.o)
                              C:/ST/STM32CubeIDE_1.13.2/STM32CubeIDE/plugins/com.st.stm32cube.ide.mcu.externaltools.gnu-tools-for-stm32.11.3.rel1.win32_1.1.1.202309131626/tools/bin/../lib/gcc/arm-none-eabi/11.3.1/../../../../arm-none-eabi/lib/thumb/v7-m/nofp\libc_nano.a(libc_a-closer.o) (errno)
C:/ST/STM32CubeIDE_1.13.2/STM32CubeIDE/plugins/com.st.stm32cube.ide.mcu.externaltools.gnu-tools-for-stm32.11.3.rel1.win32_1.1.1.202309131626/tools/bin/../lib/gcc/arm-none-eabi/11.3.1/../../../../arm-none-eabi/lib/thumb/v7-m/nofp\libc_nano.a(libc_a-impure.o)
                              C:/ST/STM32CubeIDE_1.13.2/STM32CubeIDE/plugins/com.st.stm32cube.ide.mcu.externaltools.gnu-tools-for-stm32.11.3.rel1.win32_1.1.1.202309131626/tools/bin/../lib/gcc/arm-none-eabi/11.3.1/../../../../arm-none-eabi/lib/thumb/v7-m/nofp\libc_nano.a(libc_a-reent.o) (_impure_ptr)
C:/ST/STM32CubeIDE_1.13.2/STM32CubeIDE/plugins/com.st.stm32cube.ide.mcu.externaltools.gnu-tools-for-stm32.11.3.rel1.win32_1.1.1.202309131626/tools/bin/../lib/gcc/arm-none-eabi/11.3.1/../../../../arm-none-eabi/lib/thumb/v7-m/nofp\libc_nano.a(libc_a-lseekr.o)
[...]
Memory Configuration

Name             Origin             Length             Attributes
RAM              0x0000000020000000 0x0000000000002800 xrw
FLASH            0x0000000008000000 0x0000000000008000 xr
*default*        0x0000000000000000 0xffffffffffffffff

Linker script and memory map

LOAD C:/ST/STM32CubeIDE_1.13.2/STM32CubeIDE/plugins/com.st.stm32cube.ide.mcu.externaltools.gnu-tools-for-stm32.11.3.rel1.win32_1.1.1.202309131626/tools/bin/../lib/gcc/arm-none-eabi/11.3.1/thumb/v7-m/nofp/crti.o
LOAD C:/ST/STM32CubeIDE_1.13.2/STM32CubeIDE/plugins/com.st.stm32cube.ide.mcu.externaltools.gnu-tools-for-stm32.11.3.rel1.win32_1.1.1.202309131626/tools/bin/../lib/gcc/arm-none-eabi/11.3.1/thumb/v7-m/nofp/crtbegin.o
LOAD C:/ST/STM32CubeIDE_1.13.2/STM32CubeIDE/plugins/com.st.stm32cube.ide.mcu.externaltools.gnu-tools-for-stm32.11.3.rel1.win32_1.1.1.202309131626/tools/bin/../lib/gcc/arm-none-eabi/11.3.1/../../../../arm-none-eabi/lib/thumb/v7-m/nofp/crt0.o
LOAD ./RTOS/CortexMxOS_Porting.o
LOAD ./RTOS/My_RTOS_FIFO.o
LOAD ./RTOS/Schedular.o
LOAD ./Src/main.o
LOAD ./Src/syscalls.o
LOAD ./Src/sysmem.o
LOAD ./Startup/startup_stm32f103c6tx.o
LOAD ./stm_driver/EXTI/Stm32_F103C6_EXTI_driver.o
LOAD ./stm_driver/GPIO/Stm32_F103C6_gpio_driver.o
START GROUP
LOAD C:/ST/STM32CubeIDE_1.13.2/STM32CubeIDE/plugins/com.st.stm32cube.ide.mcu.externaltools.gnu-tools-for-stm32.11.3.rel1.win32_1.1.1.202309131626/tools/bin/../lib/gcc/arm-none-eabi/11.3.1/../../../../arm-none-eabi/lib/thumb/v7-m/nofp\libc_nano.a
LOAD C:/ST/STM32CubeIDE_1.13.2/STM32CubeIDE/plugins/com.st.stm32cube.ide.mcu.externaltools.gnu-tools-for-stm32.11.3.rel1.win32_1.1.1.202309131626/tools/bin/../lib/gcc/arm-none-eabi/11.3.1/../../../../arm-none-eabi/lib/thumb/v7-m/nofp\libm.a
END GROUP
START GROUP
LOAD C:/ST/STM32CubeIDE_1.13.2/STM32CubeIDE/plugins/com.st.stm32cube.ide.mcu.externaltools.gnu-tools-for-stm32.11.3.rel1.win32_1.1.1.202309131626/tools/bin/../lib/gcc/arm-none-eabi/11.3.1/thumb/v7-m/nofp\libgcc.a
LOAD C:/ST/STM32CubeIDE_1.13.2/STM32CubeIDE/plugins/com.st.stm32cube.ide.mcu.externaltools.gnu-tools-for-stm32.11.3.rel1.win32_1.1.1.202309131626/tools/bin/../lib/gcc/arm-none-eabi/11.3.1/../../../../arm-none-eabi/lib/thumb/v7-m/nofp\libc_nano.a
END GROUP
START GROUP
LOAD C:/ST/STM32CubeIDE_1.13.2/STM32CubeIDE/plugins/com.st.stm32cube.ide.mcu.externaltools.gnu-tools-for-stm32.11.3.rel1.win32_1.1.1.202309131626/tools/bin/../lib/gcc/arm-none-eabi/11.3.1/thumb/v7-m/nofp\libgcc.a
LOAD C:/ST/STM32CubeIDE_1.13.2/STM32CubeIDE/plugins/com.st.stm32cube.ide.mcu.externaltools.gnu-tools-for-stm32.11.3.rel1.win32_1.1.1.202309131626/tools/bin/../lib/gcc/arm-none-eabi/11.3.1/../../../../arm-none-eabi/lib/thumb/v7-m/nofp\libc_nano.a
LOAD C:/ST/STM32CubeIDE_1.13.2/STM32CubeIDE/plugins/com.st.stm32cube.ide.mcu.externaltools.gnu-tools-for-stm32.11.3.rel1.win32_1.1.1.202309131626/tools/bin/../lib/gcc/arm-none-eabi/11.3.1/../../../../arm-none-eabi/lib/thumb/v7-m/nofp\libnosys.a
END GROUP
START GROUP
LOAD C:/ST/STM32CubeIDE_1.13.2/STM32CubeIDE/plugins/com.st.stm32cube.ide.mcu.externaltools.gnu-tools-for-stm32.11.3.rel1.win32_1.1.1.202309131626/tools/bin/../lib/gcc/arm-none-eabi/11.3.1/thumb/v7-m/nofp\libgcc.a
LOAD C:/ST/STM32CubeIDE_1.13.2/STM32CubeIDE/plugins/com.st.stm32cube.ide.mcu.externaltools.gnu-tools-for-stm32.11.3.rel1.win32_1.1.1.202309131626/tools/bin/../lib/gcc/arm-none-eabi/11.3.1/../../../../arm-none-eabi/lib/thumb/v7-m/nofp\libc_nano.a
LOAD C:/ST/STM32CubeIDE_1.13.2/STM32CubeIDE/plugins/com.st.stm32cube.ide.mcu.externaltools.gnu-tools-for-stm32.11.3.rel1.win32_1.1.1.202309131626/tools/bin/../lib/gcc/arm-none-eabi/11.3.1/../../../../arm-none-eabi/lib/thumb/v7-m/nofp\libnosys.a
END GROUP
LOAD C:/ST/STM32CubeIDE_1.13.2/STM32CubeIDE/plugins/com.st.stm32cube.ide.mcu.externaltools.gnu-tools-for-stm32.11.3.rel1.win32_1.1.1.202309131626/tools/bin/../lib/gcc/arm-none-eabi/11.3.1/thumb/v7-m/nofp/crtend.o
LOAD C:/ST/STM32CubeIDE_1.13.2/STM32CubeIDE/plugins/com.st.stm32cube.ide.mcu.externaltools.gnu-tools-for-stm32.11.3.rel1.win32_1.1.1.202309131626/tools/bin/../lib/gcc/arm-none-eabi/11.3.1/thumb/v7-m/nofp/crtn.o
                0x0000000020002800                _estack = (ORIGIN (RAM) + LENGTH (RAM))
                0x0000000000000200                _Min_Heap_Size = 0x200
                0x0000000000000400                _Min_Stack_Size = 0x400

.isr_vector     0x0000000008000000      0x130
                0x0000000008000000                . = ALIGN (0x4)
 *(.isr_vector)
 .isr_vector    0x0000000008000000      0x130 ./Startup/startup_stm32f103c6tx.o
                0x0000000008000000                g_pfnVectors
                0x0000000008000130                . = ALIGN (0x4)

.text           0x0000000008000130      0x688
                0x0000000008000130                . = ALIGN (0x4)
 *(.text)
 .text          0x0000000008000130       0x40 C:/ST/STM32CubeIDE_1.13.2/STM32CubeIDE/plugins/com.st.stm32cube.ide.mcu.externaltools.gnu-tools-for-stm32.11.3.rel1.win32_1.1.1.202309131626/tools/bin/../lib/gcc/arm-none-eabi/11.3.1/thumb/v7-m/nofp/crtbegin.o
 *(.text*)
 .text.HardFault_Handler
                0x0000000008000170        0x6 ./RTOS/CortexMxOS_Porting.o
                0x0000000008000170                HardFault_Handler
 .text.MemManage_Handler
                0x0000000008000176        0x6 ./RTOS/CortexMxOS_Porting.o
                0x0000000008000176                MemManage_Handler
 .text.BusFault_Handler
                0x000000000800017c        0x6 ./RTOS/CortexMxOS_Porting.o
                0x000000000800017c                BusFault_Handler
 .text.UsageFault_Handler
                0x0000000008000182        0x6 ./RTOS/CortexMxOS_Porting.o
                0x0000000008000182                UsageFault_Handler
 .text.SVC_Handler
                0x0000000008000188       0x14 ./RTOS/CortexMxOS_Porting.o
                0x0000000008000188                SVC_Handler
 .text.HW_Init  0x000000000800019c        0xc ./RTOS/CortexMxOS_Porting.o
                0x000000000800019c                HW_Init
 .text.FIFO_Init
                0x00000000080001a8       0x44 ./RTOS/My_RTOS_FIFO.o
                0x00000000080001a8                FIFO_Init
 .text.OS_SVC_Services
                0x00000000080001ec       0x40 ./RTOS/Schedular.o
                0x00000000080001ec                OS_SVC_Services
 .text.PendSV_Handler
                0x000000000800022c        0xc ./RTOS/Schedular.o
                0x000000000800022c                PendSV_Handler
 .text.MYRTOS_Create_MainStack
                0x0000000008000238       0x3c ./RTOS/Schedular.o
                0x0000000008000238                MYRTOS_Create_MainStack
 .text.MyRTOS_Idle_Task
                0x0000000008000274        0x8 ./RTOS/Schedular.o
                0x0000000008000274                MyRTOS_Idle_Task
 .text.MYRTOS_Init
                0x000000000800027c       0x80 ./RTOS/Schedular.o
                0x000000000800027c                MYRTOS_Init
 .text.MYRTOS_Create_Stack
                0x00000000080002fc       0x7e ./RTOS/Schedular.o
                0x00000000080002fc                MYRTOS_Create_Stack
 *fill*         0x000000000800037a        0x2 
 .text.MYRTOS_Create_Task
                0x000000000800037c       0x60 ./RTOS/Schedular.o
                0x000000000800037c                MYRTOS_Create_Task
 .text.task1    0x00000000080003dc        0x6 ./Src/main.o
                0x00000000080003dc                task1
 .text.task2    0x00000000080003e2        0x6 ./Src/main.o
                0x00000000080003e2                task2
 .text.task3    0x00000000080003e8        0x6 ./Src/main.o
                0x00000000080003e8                task3
 *fill*         0x00000000080003ee        0x2 
 .text.main     0x00000000080003f0       0xf4 ./Src/main.o
                0x00000000080003f0                main
 .text.Reset_Handler
                0x00000000080004e4       0x50 ./Startup/startup_stm32f103c6tx.o
                0x00000000080004e4                Reset_Handler
 .text.Default_Handler
                0x0000000008000534        0x2 ./Startup/startup_stm32f103c6tx.o
                0x0000000008000534                TIM8_TRG_COM_IRQHandler
                0x0000000008000534                TIM8_CC_IRQHandler
                0x0000000008000534                DebugMon_Handler
                0x0000000008000534                TIM1_CC_IRQHandler
                0x0000000008000534                TIM6_IRQHandler
                0x0000000008000534                SysTick_Handler
                0x0000000008000534                PVD_IRQHandler
                0x0000000008000534                SDIO_IRQHandler
                0x0000000008000534                NMI_Handler
                0x0000000008000534                USB_HP_CAN_TX_IRQHandler
                0x0000000008000534                I2C2_EV_IRQHandler
                0x0000000008000534                ADC1_2_IRQHandler
                0x0000000008000534                SPI1_IRQHandler
                0x0000000008000534                CAN_SCE_IRQHandler
                0x0000000008000534                TAMPER_IRQHandler
                0x0000000008000534                TIM8_UP_IRQHandler
                0x0000000008000534                DMA2_Channel2_IRQHandler
                0x0000000008000534                DMA1_Channel4_IRQHandler
                0x0000000008000534                USART3_IRQHandler
                0x0000000008000534                RTC_IRQHandler
                0x0000000008000534                DMA1_Channel7_IRQHandler
                0x0000000008000534                UART5_IRQHandler
                0x0000000008000534                ADC3_IRQHandler
                0x0000000008000534                TIM4_IRQHandler
                0x0000000008000534                CAN_RX1_IRQHandler
                0x0000000008000534                DMA2_Channel1_IRQHandler
                0x0000000008000534                I2C1_EV_IRQHandler
                0x0000000008000534                DMA1_Channel6_IRQHandler
                0x0000000008000534                UART4_IRQHandler
                0x0000000008000534                TIM3_IRQHandler
                0x0000000008000534                RCC_IRQHandler
                0x0000000008000534                TIM1_TRG_COM_IRQHandler
                0x0000000008000534                DMA1_Channel1_IRQHandler
                0x0000000008000534                Default_Handler
                0x0000000008000534                TIM7_IRQHandler
                0x0000000008000534                TIM5_IRQHandler
                0x0000000008000534                SPI2_IRQHandler
                0x0000000008000534                USB_LP_CAN_RX0_IRQHandler
                0x0000000008000534                DMA1_Channel5_IRQHandler
                0x0000000008000534                DMA1_Channel3_IRQHandler
                0x0000000008000534                FSMC_IRQHandler
                0x0000000008000534                TIM1_UP_IRQHandler
                0x0000000008000534                WWDG_IRQHandler
                0x0000000008000534                TIM2_IRQHandler
                0x0000000008000534                TIM1_BRK_IRQHandler
                0x0000000008000534                RTCAlarm_IRQHandler
                0x0000000008000534                DMA2_Channel4_5_IRQHandler
                0x0000000008000534                USART2_IRQHandler
                0x0000000008000534                I2C2_ER_IRQHandler
                0x0000000008000534                DMA1_Channel2_IRQHandler
                0x0000000008000534                TIM8_BRK_IRQHandler
                0x0000000008000534                FLASH_IRQHandler
                0x0000000008000534                USART1_IRQHandler
                0x0000000008000534                SPI3_IRQHandler
                0x0000000008000534                I2C1_ER_IRQHandler
                0x0000000008000534                DMA2_Channel3_IRQHandler
 *fill*         0x0000000008000536        0x2 
 .text.EXTI0_IRQHandler
                0x0000000008000538       0x24 ./stm_driver/EXTI/Stm32_F103C6_EXTI_driver.o
                0x0000000008000538                EXTI0_IRQHandler
 .text.EXTI1_IRQHandler
                0x000000000800055c       0x24 ./stm_driver/EXTI/Stm32_F103C6_EXTI_driver.o
                0x000000000800055c                EXTI1_IRQHandler
 .text.EXTI2_IRQHandler
                0x0000000008000580       0x24 ./stm_driver/EXTI/Stm32_F103C6_EXTI_driver.o
                0x0000000008000580                EXTI2_IRQHandler
 .text.EXTI3_IRQHandler
                0x00000000080005a4       0x24 ./stm_driver/EXTI/Stm32_F103C6_EXTI_driver.o
                0x00000000080005a4                EXTI3_IRQHandler
 .text.EXTI4_IRQHandler
                0x00000000080005c8       0x24 ./stm_driver/EXTI/Stm32_F103C6_EXTI_driver.o
                0x00000000080005c8                EXTI4_IRQHandler
 .text.EXTI9_5_IRQHandler
                0x00000000080005ec       0xa8 ./stm_driver/EXTI/Stm32_F103C6_EXTI_driver.o
                0x00000000080005ec                EXTI9_5_IRQHandler
 .text.EXTI15_10_IRQHandler
                0x0000000008000694       0xc4 ./stm_driver/EXTI/Stm32_F103C6_EXTI_driver.o
                0x0000000008000694                EXTI15_10_IRQHandler
 .text.__libc_init_array
                0x0000000008000758       0x48 C:/ST/STM32CubeIDE_1.13.2/STM32CubeIDE/plugins/com.st.stm32cube.ide.mcu.externaltools.gnu-tools-for-stm32.11.3.rel1.win32_1.1.1.202309131626/tools/bin/../lib/gcc/arm-none-eabi/11.3.1/../../../../arm-none-eabi/lib/thumb/v7-m/nofp\libc_nano.a(libc_a-init.o)
                0x0000000008000758                __libc_init_array
 *(.glue_7)
 .glue_7        0x00000000080007a0        0x0 linker stubs
 *(.glue_7t)
 .glue_7t       0x00000000080007a0        0x0 linker stubs
 *(.eh_frame)
 .eh_frame      0x00000000080007a0        0x0 C:/ST/STM32CubeIDE_1.13.2/STM32CubeIDE/plugins/com.st.stm32cube.ide.mcu.externaltools.gnu-tools-for-stm32.11.3.rel1.win32_1.1.1.202309131626/tools/bin/../lib/gcc/arm-none-eabi/11.3.1/thumb/v7-m/nofp/crtbegin.o
 *(.init)
 .init          0x00000000080007a0        0x4 C:/ST/STM32CubeIDE_1.13.2/STM32CubeIDE/plugins/com.st.stm32cube.ide.mcu.externaltools.gnu-tools-for-stm32.11.3.rel1.win32_1.1.1.202309131626/tools/bin/../lib/gcc/arm-none-eabi/11.3.1/thumb/v7-m/nofp/crti.o
                0x00000000080007a0                _init
 .init          0x00000000080007a4        0x8 C:/ST/STM32CubeIDE_1.13.2/STM32CubeIDE/plugins/com.st.stm32cube.ide.mcu.externaltools.gnu-tools-for-stm32.11.3.rel1.win32_1.1.1.202309131626/tools/bin/../lib/gcc/arm-none-eabi/11.3.1/thumb/v7-m/nofp/crtn.o
 *(.fini)
 .fini          0x00000000080007ac        0x4 C:/ST/STM32CubeIDE_1.13.2/STM32CubeIDE/plugins/com.st.stm32cube.ide.mcu.externaltools.gnu-tools-for-stm32.11.3.rel1.win32_1.1.1.202309131626/tools/bin/../lib/gcc/arm-none-eabi/11.3.1/thumb/v7-m/nofp/crti.o
                0x00000000080007ac                _fini
 .fini          0x00000000080007b0        0x8 C:/ST/STM32CubeIDE_1.13.2/STM32CubeIDE/plugins/com.st.stm32cube.ide.mcu.externaltools.gnu-tools-for-stm32.11.3.rel1.win32_1.1.1.202309131626/tools/bin/../lib/gcc/arm-none-eabi/11.3.1/thumb/v7-m/nofp/crtn.o
                0x00000000080007b8                . = ALIGN (0x4)
                0x00000000080007b8                _etext = .

.vfp11_veneer   0x00000000080007b8        0x0
 .vfp11_veneer  0x00000000080007b8        0x0 linker stubs

.v4_bx          0x00000000080007b8        0x0
 .v4_bx         0x00000000080007b8        0x0 linker stubs

.iplt           0x00000000080007b8        0x0
 .iplt          0x00000000080007b8        0x0 C:/ST/STM32CubeIDE_1.13.2/STM32CubeIDE/plugins/com.st.stm32cube.ide.mcu.externaltools.gnu-tools-for-stm32.11.3.rel1.win32_1.1.1.202309131626/tools/bin/../lib/gcc/arm-none-eabi/11.3.1/thumb/v7-m/nofp/crtbegin.o

.rodata         0x00000000080007b8       0x24
                0x00000000080007b8                . = ALIGN (0x4)
 *(.rodata)
 .rodata        0x00000000080007b8        0x9 ./RTOS/Schedular.o
 *fill*         0x00000000080007c1        0x3 
 .rodata        0x00000000080007c4       0x17 ./Src/main.o
 *(.rodata*)
                0x00000000080007dc                . = ALIGN (0x4)
 *fill*         0x00000000080007db        0x1 

.rel.dyn        0x00000000080007dc        0x0
 .rel.iplt      0x00000000080007dc        0x0 C:/ST/STM32CubeIDE_1.13.2/STM32CubeIDE/plugins/com.st.stm32cube.ide.mcu.externaltools.gnu-tools-for-stm32.11.3.rel1.win32_1.1.1.202309131626/tools/bin/../lib/gcc/arm-none-eabi/11.3.1/thumb/v7-m/nofp/crtbegin.o

.ARM.extab      0x00000000080007dc        0x0
                0x00000000080007dc                . = ALIGN (0x4)
 *(.ARM.extab* .gnu.linkonce.armextab.*)
                0x00000000080007dc                . = ALIGN (0x4)

.ARM            0x00000000080007dc        0x0
                0x00000000080007dc                . = ALIGN (0x4)
                0x00000000080007dc                __exidx_start = .
 *(.ARM.exidx*)
                0x00000000080007dc                __exidx_end = .
                0x00000000080007dc                . = ALIGN (0x4)

.preinit_array  0x00000000080007dc        0x0
                0x00000000080007dc                . = ALIGN (0x4)
                0x00000000080007dc                PROVIDE (__preinit_array_start = .)
 *(.preinit_array*)
                0x00000000080007dc                PROVIDE (__preinit_array_end = .)
                0x00000000080007dc                . = ALIGN (0x4)

.init_array     0x00000000080007dc        0x4
                0x00000000080007dc                . = ALIGN (0x4)
                0x00000000080007dc                PROVIDE (__init_array_start = .)
 *(SORT_BY_NAME(.init_array.*))
 *(.init_array*)
 .init_array    0x00000000080007dc        0x4 C:/ST/STM32CubeIDE_1.13.2/STM32CubeIDE/plugins/com.st.stm32cube.ide.mcu.externaltools.gnu-tools-for-stm32.11.3.rel1.win32_1.1.1.202309131626/tools/bin/../lib/gcc/arm-none-eabi/11.3.1/thumb/v7-m/nofp/crtbegin.o
                0x00000000080007e0                PROVIDE (__init_array_end = .)
                0x00000000080007e0                . = ALIGN (0x4)

.fini_array     0x00000000080007e0        0x4
                0x00000000080007e0                . = ALIGN (0x4)
                [!provide]                        PROVIDE (__fini_array_start = .)
 *(SORT_BY_NAME(.fini_array.*))
 *(.fini_array*)
 .fini_array    0x00000000080007e0        0x4 C:/ST/STM32CubeIDE_1.13.2/STM32CubeIDE/plugins/com.st.stm32cube.ide.mcu.externaltools.gnu-tools-for-stm32.11.3.rel1.win32_1.1.1.202309131626/tools/bin/../lib/gcc/arm-none-eabi/11.3.1/thumb/v7-m/nofp/crtbegin.o
                [!provide]                        PROVIDE (__fini_array_end = .)
                0x00000000080007e4                . = ALIGN (0x4)
                0x00000000080007e4                _sidata = LOADADDR (.data)

.data           0x0000000020000000        0x0 load address 0x00000000080007e4
                0x0000000020000000                . = ALIGN (0x4)
                0x0000000020000000                _sdata = .
 *(.data)
 *(.data*)
 *(.RamFunc)
 *(.RamFunc*)
                0x0000000020000000                . = ALIGN (0x4)
                0x0000000020000000                _edata = .

.igot.plt       0x0000000020000000        0x0 load address 0x00000000080007e4
 .igot.plt      0x0000000020000000        0x0 C:/ST/STM32CubeIDE_1.13.2/STM32CubeIDE/plugins/com.st.stm32cube.ide.mcu.externaltools.gnu-tools-for-stm32.11.3.rel1.win32_1.1.1.202309131626/tools/bin/../lib/gcc/arm-none-eabi/11.3.1/thumb/v7-m/nofp/crtbegin.o
                0x0000000020000000                . = ALIGN (0x4)

.bss            0x0000000020000000      0x4a8 load address 0x00000000080007e4
                0x0000000020000000                _sbss = .
                0x0000000020000000                __bss_start__ = _sbss
 *(.bss)
 .bss           0x0000000020000000       0x1c C:/ST/STM32CubeIDE_1.13.2/STM32CubeIDE/plugins/com.st.stm32cube.ide.mcu.externaltools.gnu-tools-for-stm32.11.3.rel1.win32_1.1.1.202309131626/tools/bin/../lib/gcc/arm-none-eabi/11.3.1/thumb/v7-m/nofp/crtbegin.o
 *(.bss*)
 .bss.ReadyQueue
                0x000000002000001c       0x14 ./RTOS/Schedular.o
                0x000000002000001c                ReadyQueue
 .bss.ReadyQueueFIFO
                0x0000000020000030      0x190 ./RTOS/Schedular.o
                0x0000000020000030                ReadyQueueFIFO
 .bss.MYRTOS_IdleTask
                0x00000000200001c0       0x40 ./RTOS/Schedular.o
                0x00000000200001c0                MYRTOS_IdleTask
 .bss.OS_Control
                0x0000000020000200      0x1ac ./RTOS/Schedular.o
                0x0000000020000200                OS_Control
 .bss.Task1     0x00000000200003ac       0x40 ./Src/main.o
                0x00000000200003ac                Task1
 .bss.Task2     0x00000000200003ec       0x40 ./Src/main.o
                0x00000000200003ec                Task2
 .bss.Task3     0x000000002000042c       0x40 ./Src/main.o
                0x000000002000042c                Task3
 .bss.GP_IRQ_CallBack
                0x000000002000046c       0x3c ./stm_driver/EXTI/Stm32_F103C6_EXTI_driver.o
                0x000000002000046c                GP_IRQ_CallBack
 *(COMMON)
                0x00000000200004a8                . = ALIGN (0x4)
                0x00000000200004a8                _ebss = .
                0x00000000200004a8                __bss_end__ = _ebss

._user_heap_stack
                0x00000000200004a8      0x600 load address 0x00000000080007e4
                0x00000000200004a8                . = ALIGN (0x8)
                [!provide]                        PROVIDE (end = .)
                0x00000000200004a8                PROVIDE (_end = .)
                0x00000000200006a8                . = (. + _Min_Heap_Size)
 *fill*         0x00000000200004a8      0x200 
                0x00000000200006a8                _eheap = .
                0x00000000200006a8                . = ALIGN (0x8)
                0x0000000020000aa8                . = (. + _Min_Stack_Size)
 *fill*         0x00000000200006a8      0x400 

/DISCARD/
 libc.a(*)
 libm.a(*)
 libgcc.a(*)

.ARM.attributes
                0x0000000000000000       0x29
 *(.ARM.attributes)
 .ARM.attributes
                0x0000000000000000       0x1d C:/ST/STM32CubeIDE_1.13.2/STM32CubeIDE/plugins/com.st.stm32cube.ide.mcu.externaltools.gnu-tools-for-stm32.11.3.rel1.win32_1.1.1.202309131626/tools/bin/../lib/gcc/arm-none-eabi/11.3.1/thumb/v7-m/nofp/crti.o
 .ARM.attributes
                0x000000000000001d       0x2d C:/ST/STM32CubeIDE_1.13.2/STM32CubeIDE/plugins/com.st.stm32cube.ide.mcu.externaltools.gnu-tools-for-stm32.11.3.rel1.win32_1.1.1.202309131626/tools/bin/../lib/gcc/arm-none-eabi/11.3.1/thumb/v7-m/nofp/crtbegin.o
 .ARM.attributes
                0x000000000000004a       0x2d ./RTOS/CortexMxOS_Porting.o
 .ARM.attributes
                0x0000000000000077       0x2d ./RTOS/My_RTOS_FIFO.o
 .ARM.attributes
                0x00000000000000a4       0x2d ./RTOS/Schedular.o
 .ARM.attributes
                0x00000000000000d1       0x2d ./Src/main.o
 .ARM.attributes
                0x00000000000000fe       0x21 ./Startup/startup_stm32f103c6tx.o
 .ARM.attributes
                0x000000000000011f       0x2d ./stm_driver/EXTI/Stm32_F103C6_EXTI_driver.o
 .ARM.attributes
                0x000000000000014c       0x2d C:/ST/STM32CubeIDE_1.13.2/STM32CubeIDE/plugins/com.st.stm32cube.ide.mcu.externaltools.gnu-tools-for-stm32.11.3.rel1.win32_1.1.1.202309131626/tools/bin/../lib/gcc/arm-none-eabi/11.3.1/../../../../arm-none-eabi/lib/thumb/v7-m/nofp\libc_nano.a(libc_a-init.o)
 .ARM.attributes
                0x0000000000000179       0x1d C:/ST/STM32CubeIDE_1.13.2/STM32CubeIDE/plugins/com.st.stm32cube.ide.mcu.externaltools.gnu-tools-for-stm32.11.3.rel1.win32_1.1.1.202309131626/tools/bin/../lib/gcc/arm-none-eabi/11.3.1/thumb/v7-m/nofp/crtn.o
OUTPUT(rtos.elf elf32-littlearm)
LOAD linker stubs
LOAD C:/ST/STM32CubeIDE_1.13.2/STM32CubeIDE/plugins/com.st.stm32cube.ide.mcu.externaltools.gnu-tools-for-stm32.11.3.rel1.win32_1.1.1.202309131626/tools/bin/../lib/gcc/arm-none-eabi/11.3.1/../../../../arm-none-eabi/lib/thumb/v7-m/nofp\libc.a
LOAD C:/ST/STM32CubeIDE_1.13.2/STM32CubeIDE/plugins/com.st.stm32cube.ide.mcu.externaltools.gnu-tools-for-stm32.11.3.rel1.win32_1.1.1.202309131626/tools/bin/../lib/gcc/arm-none-eabi/11.3.1/../../../../arm-none-eabi/lib/thumb/v7-m/nofp\libm.a
LOAD C:/ST/STM32CubeIDE_1.13.2/STM32CubeIDE/plugins/com.st.stm32cube.ide.mcu.externaltools.gnu-tools-for-stm32.11.3.rel1.win32_1.1.1.202309131626/tools/bin/../lib/gcc/arm-none-eabi/11.3.1/thumb/v7-m/nofp\libgcc.a

.comment        0x0000000000000000       0x43
 .comment       0x0000000000000000       0x43 C:/ST/STM32CubeIDE_1.13.2/STM32CubeIDE/plugins/com.st.stm32cube.ide.mcu.externaltools.gnu-tools-for-stm32.11.3.rel1.win32_1.1.1.202309131626/tools/bin/../lib/gcc/arm-none-eabi/11.3.1/thumb/v7-m/nofp/crtbegin.o
                                         0x44 (size before relaxing)
 .comment       0x0000000000000043       0x44 ./RTOS/CortexMxOS_Porting.o
 .comment       0x0000000000000043       0x44 ./RTOS/My_RTOS_FIFO.o
 .comment       0x0000000000000043       0x44 ./RTOS/Schedular.o
 .comment       0x0000000000000043       0x44 ./Src/main.o
 .comment       0x0000000000000043       0x44 ./stm_driver/EXTI/Stm32_F103C6_EXTI_driver.o

.debug_info     0x0000000000000000     0x11ec
 .debug_info    0x0000000000000000       0xf8 ./RTOS/CortexMxOS_Porting.o
 .debug_info    0x00000000000000f8      0x371 ./RTOS/My_RTOS_FIFO.o
 .debug_info    0x0000000000000469      0x54a ./RTOS/Schedular.o
 .debug_info    0x00000000000009b3      0x2e7 ./Src/main.o
 .debug_info    0x0000000000000c9a       0x23 ./Startup/startup_stm32f103c6tx.o
 .debug_info    0x0000000000000cbd      0x52f ./stm_driver/EXTI/Stm32_F103C6_EXTI_driver.o

.debug_abbrev   0x0000000000000000      0x5e3
 .debug_abbrev  0x0000000000000000       0x79 ./RTOS/CortexMxOS_Porting.o
 .debug_abbrev  0x0000000000000079       0xe7 ./RTOS/My_RTOS_FIFO.o
 .debug_abbrev  0x0000000000000160      0x19b ./RTOS/Schedular.o
 .debug_abbrev  0x00000000000002fb      0x13c ./Src/main.o
 .debug_abbrev  0x0000000000000437       0x12 ./Startup/startup_stm32f103c6tx.o
 .debug_abbrev  0x0000000000000449      0x19a ./stm_driver/EXTI/Stm32_F103C6_EXTI_driver.o

.debug_loc      0x0000000000000000      0x8a8
 .debug_loc     0x0000000000000000       0xf4 ./RTOS/CortexMxOS_Porting.o
 .debug_loc     0x00000000000000f4      0x170 ./RTOS/My_RTOS_FIFO.o
 .debug_loc     0x0000000000000264      0x268 ./RTOS/Schedular.o
 .debug_loc     0x00000000000004cc       0xbc ./Src/main.o
 .debug_loc     0x0000000000000588      0x320 ./stm_driver/EXTI/Stm32_F103C6_EXTI_driver.o

.debug_aranges  0x0000000000000000      0x1b8
 .debug_aranges
                0x0000000000000000       0x48 ./RTOS/CortexMxOS_Porting.o
 .debug_aranges
                0x0000000000000048       0x38 ./RTOS/My_RTOS_FIFO.o
 .debug_aranges
                0x0000000000000080       0x58 ./RTOS/Schedular.o
 .debug_aranges
                0x00000000000000d8       0x38 ./Src/main.o
 .debug_aranges
                0x0000000000000110       0x28 ./Startup/startup_stm32f103c6tx.o
 .debug_aranges
                0x0000000000000138       0x80 ./stm_driver/EXTI/Stm32_F103C6_EXTI_driver.o

.debug_ranges   0x0000000000000000      0x140
 .debug_ranges  0x0000000000000000       0x38 ./RTOS/CortexMxOS_Porting.o
 .debug_ranges  0x0000000000000038       0x28 ./RTOS/My_RTOS_FIFO.o
 .debug_ranges  0x0000000000000060       0x48 ./RTOS/Schedular.o
 .debug_ranges  0x00000000000000a8       0x28 ./Src/main.o
 .debug_ranges  0x00000000000000d0       0x70 ./stm_driver/EXTI/Stm32_F103C6_EXTI_driver.o

.debug_macro    0x0000000000000000     0x391b
 .debug_macro   0x0000000000000000       0xb9 ./RTOS/CortexMxOS_Porting.o
 .debug_macro   0x00000000000000b9      0xa8a ./RTOS/CortexMxOS_Porting.o
 .debug_macro   0x0000000000000b43       0x28 ./RTOS/CortexMxOS_Porting.o
 .debug_macro   0x0000000000000b6b       0x22 ./RTOS/CortexMxOS_Porting.o
 .debug_macro   0x0000000000000b8d       0x8e ./RTOS/CortexMxOS_Porting.o
 .debug_macro   0x0000000000000c1b       0x51 ./RTOS/CortexMxOS_Porting.o
 .debug_macro   0x0000000000000c6c      0x103 ./RTOS/CortexMxOS_Porting.o
 .debug_macro   0x0000000000000d6f       0x6a ./RTOS/CortexMxOS_Porting.o
 .debug_macro   0x0000000000000dd9      0x1df ./RTOS/CortexMxOS_Porting.o
 .debug_macro   0x0000000000000fb8       0x1c ./RTOS/CortexMxOS_Porting.o
 .debug_macro   0x0000000000000fd4       0x22 ./RTOS/CortexMxOS_Porting.o
 .debug_macro   0x0000000000000ff6       0xdf ./RTOS/CortexMxOS_Porting.o
 .debug_macro   0x00000000000010d5      0xe3c ./RTOS/CortexMxOS_Porting.o
 .debug_macro   0x0000000000001f11       0x2e ./RTOS/CortexMxOS_Porting.o
 .debug_macro   0x0000000000001f3f      0x1aa ./RTOS/My_RTOS_FIFO.o
 .debug_macro   0x00000000000020e9       0x5b ./RTOS/My_RTOS_FIFO.o
 .debug_macro   0x0000000000002144       0x24 ./RTOS/My_RTOS_FIFO.o
 .debug_macro   0x0000000000002168       0x94 ./RTOS/My_RTOS_FIFO.o
 .debug_macro   0x00000000000021fc       0x43 ./RTOS/My_RTOS_FIFO.o
 .debug_macro   0x000000000000223f       0x34 ./RTOS/My_RTOS_FIFO.o
 .debug_macro   0x0000000000002273       0x16 ./RTOS/My_RTOS_FIFO.o
 .debug_macro   0x0000000000002289       0x57 ./RTOS/My_RTOS_FIFO.o
 .debug_macro   0x00000000000022e0       0x97 ./RTOS/My_RTOS_FIFO.o
 .debug_macro   0x0000000000002377      0x369 ./RTOS/My_RTOS_FIFO.o
 .debug_macro   0x00000000000026e0       0xfd ./RTOS/My_RTOS_FIFO.o
 .debug_macro   0x00000000000027dd       0x10 ./RTOS/My_RTOS_FIFO.o
 .debug_macro   0x00000000000027ed       0x16 ./RTOS/My_RTOS_FIFO.o
 .debug_macro   0x0000000000002803       0x43 ./RTOS/My_RTOS_FIFO.o
 .debug_macro   0x0000000000002846       0x34 ./RTOS/My_RTOS_FIFO.o
 .debug_macro   0x000000000000287a       0x10 ./RTOS/My_RTOS_FIFO.o
 .debug_macro   0x000000000000288a       0x58 ./RTOS/My_RTOS_FIFO.o
 .debug_macro   0x00000000000028e2       0x8e ./RTOS/My_RTOS_FIFO.o
 .debug_macro   0x0000000000002970       0x1c ./RTOS/My_RTOS_FIFO.o
 .debug_macro   0x000000000000298c      0x177 ./RTOS/My_RTOS_FIFO.o
 .debug_macro   0x0000000000002b03       0x16 ./RTOS/My_RTOS_FIFO.o
 .debug_macro   0x0000000000002b19       0x16 ./RTOS/My_RTOS_FIFO.o
 .debug_macro   0x0000000000002b2f      0x147 ./RTOS/My_RTOS_FIFO.o
 .debug_macro   0x0000000000002c76      0x1e8 ./RTOS/Schedular.o
 .debug_macro   0x0000000000002e5e       0x61 ./RTOS/Schedular.o
 .debug_macro   0x0000000000002ebf       0x16 ./RTOS/Schedular.o
 .debug_macro   0x0000000000002ed5       0x35 ./RTOS/Schedular.o
 .debug_macro   0x0000000000002f0a       0x20 ./RTOS/Schedular.o
 .debug_macro   0x0000000000002f2a      0x1f7 ./Src/main.o
 .debug_macro   0x0000000000003121       0x16 ./Src/main.o
 .debug_macro   0x0000000000003137      0x10e ./Src/main.o
 .debug_macro   0x0000000000003245       0x8d ./Src/main.o
 .debug_macro   0x00000000000032d2       0x16 ./Src/main.o
 .debug_macro   0x00000000000032e8       0x29 ./Src/main.o
 .debug_macro   0x0000000000003311      0x1b0 ./Src/main.o
 .debug_macro   0x00000000000034c1       0xd6 ./Src/main.o
 .debug_macro   0x0000000000003597      0x225 ./Src/main.o
 .debug_macro   0x00000000000037bc      0x15f ./stm_driver/EXTI/Stm32_F103C6_EXTI_driver.o

.debug_line     0x0000000000000000     0x26b8
 .debug_line    0x0000000000000000      0x535 ./RTOS/CortexMxOS_Porting.o
 .debug_line    0x0000000000000535      0x783 ./RTOS/My_RTOS_FIFO.o
 .debug_line    0x0000000000000cb8      0x80e ./RTOS/Schedular.o
 .debug_line    0x00000000000014c6      0x76b ./Src/main.o
 .debug_line    0x0000000000001c31       0x7b ./Startup/startup_stm32f103c6tx.o
 .debug_line    0x0000000000001cac      0xa0c ./stm_driver/EXTI/Stm32_F103C6_EXTI_driver.o

.debug_str      0x0000000000000000     0xf604
 .debug_str     0x0000000000000000     0x9607 ./RTOS/CortexMxOS_Porting.o
                                       0x9771 (size before relaxing)
 .debug_str     0x0000000000009607     0x3b7c ./RTOS/My_RTOS_FIFO.o
                                       0xd33e (size before relaxing)
 .debug_str     0x000000000000d183      0x25d ./RTOS/Schedular.o
                                       0xd54e (size before relaxing)
 .debug_str     0x000000000000d3e0     0x1f11 ./Src/main.o
                                       0xebfc (size before relaxing)
 .debug_str     0x000000000000f2f1       0x2f ./Startup/startup_stm32f103c6tx.o
                                         0x8f (size before relaxing)
 .debug_str     0x000000000000f320      0x2e4 ./stm_driver/EXTI/Stm32_F103C6_EXTI_driver.o
                                       0x928b (size before relaxing)

.debug_frame    0x0000000000000000      0x4cc
 .debug_frame   0x0000000000000000       0xa0 ./RTOS/CortexMxOS_Porting.o
 .debug_frame   0x00000000000000a0       0xb0 ./RTOS/My_RTOS_FIFO.o
 .debug_frame   0x0000000000000150      0x128 ./RTOS/Schedular.o
 .debug_frame   0x0000000000000278       0x78 ./Src/main.o
 .debug_frame   0x00000000000002f0      0x1b0 ./stm_driver/EXTI/Stm32_F103C6_EXTI_driver.o
 .debug_frame   0x00000000000004a0       0x2c C:/ST/STM32CubeIDE_1.13.2/STM32CubeIDE/plugins/com.st.stm32cube.ide.mcu.externaltools.gnu-tools-for-stm32.11.3.rel1.win32_1.1.1.202309131626/tools/bin/../lib/gcc/arm-none-eabi/11.3.1/../../../../arm-none-eabi/lib/thumb/v7-m/nofp\libc_nano.a(libc_a-init.o)

.debug_line_str
                0x0000000000000000       0x83
 .debug_line_str
                0x0000000000000000       0x83 ./Startup/startup_stm32f103c6tx.o
                                         0x9b (size before relaxing)

.debug_rnglists
                0x0000000000000000       0x19
 .debug_rnglists
                0x0000000000000000       0x19 ./Startup/startup_stm32f103c6tx.o
