Archive member included to satisfy reference by file (symbol)

C:/ST/STM32CubeIDE_1.13.2/STM32CubeIDE/plugins/com.st.stm32cube.ide.mcu.externaltools.gnu-tools-for-stm32.11.3.rel1.win32_1.1.1.202309131626/tools/bin/../lib/gcc/arm-none-eabi/11.3.1/../../../../arm-none-eabi/lib/thumb/v7-m/nofp\libc_nano.a(libc_a-exit.o)
                              C:/ST/STM32CubeIDE_1.13.2/STM32CubeIDE/plugins/com.st.stm32cube.ide.mcu.externaltools.gnu-tools-for-stm32.11.3.rel1.win32_1.1.1.202309131626/tools/bin/../lib/gcc/arm-none-eabi/11.3.1/../../../../arm-none-eabi/lib/thumb/v7-m/nofp/crt0.o (exit)
C:/ST/STM32CubeIDE_1.13.2/STM32CubeIDE/plugins/com.st.stm32cube.ide.mcu.externaltools.gnu-tools-for-stm32.11.3.rel1.win32_1.1.1.202309131626/tools/bin/../lib/gcc/arm-none-eabi/11.3.1/../../../../arm-none-eabi/lib/thumb/v7-m/nofp\libc_nano.a(libc_a-findfp.o)
                              C:/ST/STM32CubeIDE_1.13.2/STM32CubeIDE/plugins/com.st.stm32cube.ide.mcu.externaltools.gnu-tools-for-stm32.11.3.rel1.win32_1.1.1.202309131626/tools/bin/../lib/gcc/arm-none-eabi/11.3.1/../../../../arm-none-eabi/lib/thumb/v7-m/nofp\libc_nano.a(libc_a-exit.o) (__stdio_exit_handler)
C:/ST/STM32CubeIDE_1.13.2/STM32CubeIDE/plugins/com.st.stm32cube.ide.mcu.externaltools.gnu-tools-for-stm32.11.3.rel1.win32_1.1.1.202309131626/tools/bin/../lib/gcc/arm-none-eabi/11.3.1/../../../../arm-none-eabi/lib/thumb/v7-m/nofp\libc_nano.a(libc_a-fwalk.o)
                              C:/ST/STM32CubeIDE_1.13.2/STM32CubeIDE/plugins/com.st.stm32cube.ide.mcu.externaltools.gnu-tools-for-stm32.11.3.rel1.win32_1.1.1.202309131626/tools/bin/../lib/gcc/arm-none-eabi/11.3.1/../../../../arm-none-eabi/lib/thumb/v7-m/nofp\libc_nano.a(libc_a-findfp.o) (_fwalk_sglue)
C:/ST/STM32CubeIDE_1.13.2/STM32CubeIDE/plugins/com.st.stm32cube.ide.mcu.externaltools.gnu-tools-for-stm32.11.3.rel1.win32_1.1.1.202309131626/tools/bin/../lib/gcc/arm-none-eabi/11.3.1/../../../../arm-none-eabi/lib/thumb/v7-m/nofp\libc_nano.a(libc_a-stdio.o)
                              C:/ST/STM32CubeIDE_1.13.2/STM32CubeIDE/plugins/com.st.stm32cube.ide.mcu.externaltools.gnu-tools-for-stm32.11.3.rel1.win32_1.1.1.202309131626/tools/bin/../lib/gcc/arm-none-eabi/11.3.1/../../../../arm-none-eabi/lib/thumb/v7-m/nofp\libc_nano.a(libc_a-findfp.o) (__sread)
C:/ST/STM32CubeIDE_1.13.2/STM32CubeIDE/plugins/com.st.stm32cube.ide.mcu.externaltools.gnu-tools-for-stm32.11.3.rel1.win32_1.1.1.202309131626/tools/bin/../lib/gcc/arm-none-eabi/11.3.1/../../../../arm-none-eabi/lib/thumb/v7-m/nofp\libc_nano.a(libc_a-memset.o)
                              C:/ST/STM32CubeIDE_1.13.2/STM32CubeIDE/plugins/com.st.stm32cube.ide.mcu.externaltools.gnu-tools-for-stm32.11.3.rel1.win32_1.1.1.202309131626/tools/bin/../lib/gcc/arm-none-eabi/11.3.1/../../../../arm-none-eabi/lib/thumb/v7-m/nofp/crt0.o (memset)
C:/ST/STM32CubeIDE_1.13.2/STM32CubeIDE/plugins/com.st.stm32cube.ide.mcu.externaltools.gnu-tools-for-stm32.11.3.rel1.win32_1.1.1.202309131626/tools/bin/../lib/gcc/arm-none-eabi/11.3.1/../../../../arm-none-eabi/lib/thumb/v7-m/nofp\libc_nano.a(libc_a-closer.o)
                              C:/ST/STM32CubeIDE_1.13.2/STM32CubeIDE/plugins/com.st.stm32cube.ide.mcu.externaltools.gnu-tools-for-stm32.11.3.rel1.win32_1.1.1.202309131626/tools/bin/../lib/gcc/arm-none-eabi/11.3.1/../../../../arm-none-eabi/lib/thumb/v7-m/nofp\libc_nano.a(libc_a-stdio.o) (_close_r)
C:/ST/STM32CubeIDE_1.13.2/STM32CubeIDE/plugins/com.st.stm32cube.ide.mcu.externaltools.gnu-tools-for-stm32.11.3.rel1.win32_1.1.1.202309131626/tools/bin/../lib/gcc/arm-none-eabi/11.3.1/../../../../arm-none-eabi/lib/thumb/v7-m/nofp\libc_nano.a(libc_a-reent.o)
                              C:/ST/STM32CubeIDE_1.13.2/STM32CubeIDE/plugins/com.st.stm32cube.ide.mcu.externaltools.gnu-tools-for-stm32.11.3.rel1.win32_1.1.1.202309131626/tools/bin/../lib/gcc/arm-none-eabi/11.3.1/../../../../arm-none-eabi/lib/thumb/v7-m/nofp\libc_nano.a(libc_a-closer.o) (errno)
C:/ST/STM32CubeIDE_1.13.2/STM32CubeIDE/plugins/com.st.stm32cube.ide.mcu.externaltools.gnu-tools-for-stm32.11.3.rel1.win32_1.1.1.202309131626/tools/bin/../lib/gcc/arm-none-eabi/11.3.1/../../../../arm-none-eabi/lib/thumb/v7-m/nofp\libc_nano.a(libc_a-impure.o)
                              C:/ST/STM32CubeIDE_1.13.2/STM32CubeIDE/plugins/com.st.stm32cube.ide.mcu.externaltools.gnu-tools-for-stm32.11.3.rel1.win32_1.1.1.202309131626/tools/bin/../lib/gcc/arm-none-eabi/11.3.1/../../../../arm-none-eabi/lib/thumb/v7-m/nofp\libc_nano.a(libc_a-reent.o) (_impure_ptr)
C:/ST/STM32CubeIDE_1.13.2/STM32CubeIDE/plugins/com.st.stm32cube.ide.mcu.externaltools.gnu-tools-for-stm32.11.3.rel1.win32_1.1.1.202309131626/tools/bin/../lib/gcc/arm-none-eabi/11.3.1/../../../../arm-none-eabi/lib/thumb/v7-m/nofp\libc_nano.a(libc_a-lseekr.o)
[...]
Memory Configuration

Name             Origin             Length             Attributes
RAM              0x0000000020000000 0x0000000000002800 xrw
FLASH            0x0000000008000000 0x0000000000008000 xr
*default*        0x0000000000000000 0xffffffffffffffff

Linker script and memory map

LOAD C:/ST/STM32CubeIDE_1.13.2/STM32CubeIDE/plugins/com.st.stm32cube.ide.mcu.externaltools.gnu-tools-for-stm32.11.3.rel1.win32_1.1.1.202309131626/tools/bin/../lib/gcc/arm-none-eabi/11.3.1/thumb/v7-m/nofp/crti.o
LOAD C:/ST/STM32CubeIDE_1.13.2/STM32CubeIDE/plugins/com.st.stm32cube.ide.mcu.externaltools.gnu-tools-for-stm32.11.3.rel1.win32_1.1.1.202309131626/tools/bin/../lib/gcc/arm-none-eabi/11.3.1/thumb/v7-m/nofp/crtbegin.o
LOAD C:/ST/STM32CubeIDE_1.13.2/STM32CubeIDE/plugins/com.st.stm32cube.ide.mcu.externaltools.gnu-tools-for-stm32.11.3.rel1.win32_1.1.1.202309131626/tools/bin/../lib/gcc/arm-none-eabi/11.3.1/../../../../arm-none-eabi/lib/thumb/v7-m/nofp/crt0.o
LOAD ./RTOS/CortexMxOS_Porting.o
LOAD ./RTOS/My_RTOS_FIFO.o
LOAD ./RTOS/Schedular.o
LOAD ./Src/main.o
LOAD ./Src/syscalls.o
LOAD ./Src/sysmem.o
LOAD ./Startup/startup_stm32f103c6tx.o
LOAD ./stm_driver/EXTI/Stm32_F103C6_EXTI_driver.o
LOAD ./stm_driver/GPIO/Stm32_F103C6_gpio_driver.o
START GROUP
LOAD C:/ST/STM32CubeIDE_1.13.2/STM32CubeIDE/plugins/com.st.stm32cube.ide.mcu.externaltools.gnu-tools-for-stm32.11.3.rel1.win32_1.1.1.202309131626/tools/bin/../lib/gcc/arm-none-eabi/11.3.1/../../../../arm-none-eabi/lib/thumb/v7-m/nofp\libc_nano.a
LOAD C:/ST/STM32CubeIDE_1.13.2/STM32CubeIDE/plugins/com.st.stm32cube.ide.mcu.externaltools.gnu-tools-for-stm32.11.3.rel1.win32_1.1.1.202309131626/tools/bin/../lib/gcc/arm-none-eabi/11.3.1/../../../../arm-none-eabi/lib/thumb/v7-m/nofp\libm.a
END GROUP
START GROUP
LOAD C:/ST/STM32CubeIDE_1.13.2/STM32CubeIDE/plugins/com.st.stm32cube.ide.mcu.externaltools.gnu-tools-for-stm32.11.3.rel1.win32_1.1.1.202309131626/tools/bin/../lib/gcc/arm-none-eabi/11.3.1/thumb/v7-m/nofp\libgcc.a
LOAD C:/ST/STM32CubeIDE_1.13.2/STM32CubeIDE/plugins/com.st.stm32cube.ide.mcu.externaltools.gnu-tools-for-stm32.11.3.rel1.win32_1.1.1.202309131626/tools/bin/../lib/gcc/arm-none-eabi/11.3.1/../../../../arm-none-eabi/lib/thumb/v7-m/nofp\libc_nano.a
END GROUP
START GROUP
LOAD C:/ST/STM32CubeIDE_1.13.2/STM32CubeIDE/plugins/com.st.stm32cube.ide.mcu.externaltools.gnu-tools-for-stm32.11.3.rel1.win32_1.1.1.202309131626/tools/bin/../lib/gcc/arm-none-eabi/11.3.1/thumb/v7-m/nofp\libgcc.a
LOAD C:/ST/STM32CubeIDE_1.13.2/STM32CubeIDE/plugins/com.st.stm32cube.ide.mcu.externaltools.gnu-tools-for-stm32.11.3.rel1.win32_1.1.1.202309131626/tools/bin/../lib/gcc/arm-none-eabi/11.3.1/../../../../arm-none-eabi/lib/thumb/v7-m/nofp\libc_nano.a
LOAD C:/ST/STM32CubeIDE_1.13.2/STM32CubeIDE/plugins/com.st.stm32cube.ide.mcu.externaltools.gnu-tools-for-stm32.11.3.rel1.win32_1.1.1.202309131626/tools/bin/../lib/gcc/arm-none-eabi/11.3.1/../../../../arm-none-eabi/lib/thumb/v7-m/nofp\libnosys.a
END GROUP
START GROUP
LOAD C:/ST/STM32CubeIDE_1.13.2/STM32CubeIDE/plugins/com.st.stm32cube.ide.mcu.externaltools.gnu-tools-for-stm32.11.3.rel1.win32_1.1.1.202309131626/tools/bin/../lib/gcc/arm-none-eabi/11.3.1/thumb/v7-m/nofp\libgcc.a
LOAD C:/ST/STM32CubeIDE_1.13.2/STM32CubeIDE/plugins/com.st.stm32cube.ide.mcu.externaltools.gnu-tools-for-stm32.11.3.rel1.win32_1.1.1.202309131626/tools/bin/../lib/gcc/arm-none-eabi/11.3.1/../../../../arm-none-eabi/lib/thumb/v7-m/nofp\libc_nano.a
LOAD C:/ST/STM32CubeIDE_1.13.2/STM32CubeIDE/plugins/com.st.stm32cube.ide.mcu.externaltools.gnu-tools-for-stm32.11.3.rel1.win32_1.1.1.202309131626/tools/bin/../lib/gcc/arm-none-eabi/11.3.1/../../../../arm-none-eabi/lib/thumb/v7-m/nofp\libnosys.a
END GROUP
LOAD C:/ST/STM32CubeIDE_1.13.2/STM32CubeIDE/plugins/com.st.stm32cube.ide.mcu.externaltools.gnu-tools-for-stm32.11.3.rel1.win32_1.1.1.202309131626/tools/bin/../lib/gcc/arm-none-eabi/11.3.1/thumb/v7-m/nofp/crtend.o
LOAD C:/ST/STM32CubeIDE_1.13.2/STM32CubeIDE/plugins/com.st.stm32cube.ide.mcu.externaltools.gnu-tools-for-stm32.11.3.rel1.win32_1.1.1.202309131626/tools/bin/../lib/gcc/arm-none-eabi/11.3.1/thumb/v7-m/nofp/crtn.o
                0x0000000020002800                _estack = (ORIGIN (RAM) + LENGTH (RAM))
                0x0000000000000200                _Min_Heap_Size = 0x200
                0x0000000000000400                _Min_Stack_Size = 0x400

.isr_vector     0x0000000008000000      0x130
                0x0000000008000000                . = ALIGN (0x4)
 *(.isr_vector)
 .isr_vector    0x0000000008000000      0x130 ./Startup/startup_stm32f103c6tx.o
                0x0000000008000000                g_pfnVectors
                0x0000000008000130                . = ALIGN (0x4)

.text           0x0000000008000130      0xd80
                0x0000000008000130                . = ALIGN (0x4)
 *(.text)
 .text          0x0000000008000130       0x40 C:/ST/STM32CubeIDE_1.13.2/STM32CubeIDE/plugins/com.st.stm32cube.ide.mcu.externaltools.gnu-tools-for-stm32.11.3.rel1.win32_1.1.1.202309131626/tools/bin/../lib/gcc/arm-none-eabi/11.3.1/thumb/v7-m/nofp/crtbegin.o
 .text          0x0000000008000170       0x14 C:/ST/STM32CubeIDE_1.13.2/STM32CubeIDE/plugins/com.st.stm32cube.ide.mcu.externaltools.gnu-tools-for-stm32.11.3.rel1.win32_1.1.1.202309131626/tools/bin/../lib/gcc/arm-none-eabi/11.3.1/../../../../arm-none-eabi/lib/thumb/v7-m/nofp\libc_nano.a(libc_a-strcmp.o)
                0x0000000008000170                strcmp
 *(.text*)
 .text.__NVIC_SetPriority
                0x0000000008000184       0x54 ./RTOS/CortexMxOS_Porting.o
 .text.SysTick_Config
                0x00000000080001d8       0x44 ./RTOS/CortexMxOS_Porting.o
 .text.HardFault_Handler
                0x000000000800021c        0x6 ./RTOS/CortexMxOS_Porting.o
                0x000000000800021c                HardFault_Handler
 .text.MemManage_Handler
                0x0000000008000222        0x6 ./RTOS/CortexMxOS_Porting.o
                0x0000000008000222                MemManage_Handler
 .text.BusFault_Handler
                0x0000000008000228        0x6 ./RTOS/CortexMxOS_Porting.o
                0x0000000008000228                BusFault_Handler
 .text.UsageFault_Handler
                0x000000000800022e        0x6 ./RTOS/CortexMxOS_Porting.o
                0x000000000800022e                UsageFault_Handler
 .text.SVC_Handler
                0x0000000008000234       0x14 ./RTOS/CortexMxOS_Porting.o
                0x0000000008000234                SVC_Handler
 .text.Trigger_OS_PendSV
                0x0000000008000248       0x1c ./RTOS/CortexMxOS_Porting.o
                0x0000000008000248                Trigger_OS_PendSV
 .text.HW_Init  0x0000000008000264       0x12 ./RTOS/CortexMxOS_Porting.o
                0x0000000008000264                HW_Init
 .text.Start_Ticker
                0x0000000008000276       0x10 ./RTOS/CortexMxOS_Porting.o
                0x0000000008000276                Start_Ticker
 *fill*         0x0000000008000286        0x2 
 .text.SysTick_Handler
                0x0000000008000288       0x24 ./RTOS/CortexMxOS_Porting.o
                0x0000000008000288                SysTick_Handler
 .text.FIFO_Init
                0x00000000080002ac       0x44 ./RTOS/My_RTOS_FIFO.o
                0x00000000080002ac                FIFO_Init
 .text.FIFO_Enqeue
                0x00000000080002f0       0x82 ./RTOS/My_RTOS_FIFO.o
                0x00000000080002f0                FIFO_Enqeue
 .text.FIFO_Deqeue
                0x0000000008000372       0x78 ./RTOS/My_RTOS_FIFO.o
                0x0000000008000372                FIFO_Deqeue
 *fill*         0x00000000080003ea        0x2 
 .text.BubbleSort_SchedularTable
                0x00000000080003ec       0x90 ./RTOS/Schedular.o
                0x00000000080003ec                BubbleSort_SchedularTable
 .text.MYRTOS_Update_SchedulerTable
                0x000000000800047c       0xcc ./RTOS/Schedular.o
                0x000000000800047c                MYRTOS_Update_SchedulerTable
 .text.Decide_WhatNextTask
                0x0000000008000548       0xa0 ./RTOS/Schedular.o
                0x0000000008000548                Decide_WhatNextTask
 .text.OS_SVC_Services
                0x00000000080005e8       0x64 ./RTOS/Schedular.o
                0x00000000080005e8                OS_SVC_Services
 .text.PendSV_Handler
                0x000000000800064c      0x1b8 ./RTOS/Schedular.o
                0x000000000800064c                PendSV_Handler
 .text.MYRTOS_Create_MainStack
                0x0000000008000804       0x3c ./RTOS/Schedular.o
                0x0000000008000804                MYRTOS_Create_MainStack
 .text.MyRTOS_Idle_Task
                0x0000000008000840       0x1c ./RTOS/Schedular.o
                0x0000000008000840                MyRTOS_Idle_Task
 .text.MYRTOS_Init
                0x000000000800085c       0x80 ./RTOS/Schedular.o
                0x000000000800085c                MYRTOS_Init
 .text.MYRTOS_Create_Stack
                0x00000000080008dc       0x7e ./RTOS/Schedular.o
                0x00000000080008dc                MYRTOS_Create_Stack
 *fill*         0x000000000800095a        0x2 
 .text.MYRTOS_Create_Task
                0x000000000800095c       0x7c ./RTOS/Schedular.o
                0x000000000800095c                MYRTOS_Create_Task
 .text.MYRTOS_OS_SVC_Set
                0x00000000080009d8       0x34 ./RTOS/Schedular.o
                0x00000000080009d8                MYRTOS_OS_SVC_Set
 .text.MYRTOS_Activate_Task
                0x0000000008000a0c       0x24 ./RTOS/Schedular.o
                0x0000000008000a0c                MYRTOS_Activate_Task
 .text.MYRTOS_START_OS
                0x0000000008000a30       0x58 ./RTOS/Schedular.o
                0x0000000008000a30                MYRTOS_START_OS
 .text.task1    0x0000000008000a88       0x18 ./Src/main.o
                0x0000000008000a88                task1
 .text.task2    0x0000000008000aa0       0x18 ./Src/main.o
                0x0000000008000aa0                task2
 .text.task3    0x0000000008000ab8       0x18 ./Src/main.o
                0x0000000008000ab8                task3
 .text.main     0x0000000008000ad0      0x10c ./Src/main.o
                0x0000000008000ad0                main
 .text.Reset_Handler
                0x0000000008000bdc       0x50 ./Startup/startup_stm32f103c6tx.o
                0x0000000008000bdc                Reset_Handler
 .text.Default_Handler
                0x0000000008000c2c        0x2 ./Startup/startup_stm32f103c6tx.o
                0x0000000008000c2c                TIM8_TRG_COM_IRQHandler
                0x0000000008000c2c                TIM8_CC_IRQHandler
                0x0000000008000c2c                DebugMon_Handler
                0x0000000008000c2c                TIM1_CC_IRQHandler
                0x0000000008000c2c                TIM6_IRQHandler
                0x0000000008000c2c                PVD_IRQHandler
                0x0000000008000c2c                SDIO_IRQHandler
                0x0000000008000c2c                NMI_Handler
                0x0000000008000c2c                USB_HP_CAN_TX_IRQHandler
                0x0000000008000c2c                I2C2_EV_IRQHandler
                0x0000000008000c2c                ADC1_2_IRQHandler
                0x0000000008000c2c                SPI1_IRQHandler
                0x0000000008000c2c                CAN_SCE_IRQHandler
                0x0000000008000c2c                TAMPER_IRQHandler
                0x0000000008000c2c                TIM8_UP_IRQHandler
                0x0000000008000c2c                DMA2_Channel2_IRQHandler
                0x0000000008000c2c                DMA1_Channel4_IRQHandler
                0x0000000008000c2c                USART3_IRQHandler
                0x0000000008000c2c                RTC_IRQHandler
                0x0000000008000c2c                DMA1_Channel7_IRQHandler
                0x0000000008000c2c                UART5_IRQHandler
                0x0000000008000c2c                ADC3_IRQHandler
                0x0000000008000c2c                TIM4_IRQHandler
                0x0000000008000c2c                CAN_RX1_IRQHandler
                0x0000000008000c2c                DMA2_Channel1_IRQHandler
                0x0000000008000c2c                I2C1_EV_IRQHandler
                0x0000000008000c2c                DMA1_Channel6_IRQHandler
                0x0000000008000c2c                UART4_IRQHandler
                0x0000000008000c2c                TIM3_IRQHandler
                0x0000000008000c2c                RCC_IRQHandler
                0x0000000008000c2c                TIM1_TRG_COM_IRQHandler
                0x0000000008000c2c                DMA1_Channel1_IRQHandler
                0x0000000008000c2c                Default_Handler
                0x0000000008000c2c                TIM7_IRQHandler
                0x0000000008000c2c                TIM5_IRQHandler
                0x0000000008000c2c                SPI2_IRQHandler
                0x0000000008000c2c                USB_LP_CAN_RX0_IRQHandler
                0x0000000008000c2c                DMA1_Channel5_IRQHandler
                0x0000000008000c2c                DMA1_Channel3_IRQHandler
                0x0000000008000c2c                FSMC_IRQHandler
                0x0000000008000c2c                TIM1_UP_IRQHandler
                0x0000000008000c2c                WWDG_IRQHandler
                0x0000000008000c2c                TIM2_IRQHandler
                0x0000000008000c2c                TIM1_BRK_IRQHandler
                0x0000000008000c2c                RTCAlarm_IRQHandler
                0x0000000008000c2c                DMA2_Channel4_5_IRQHandler
                0x0000000008000c2c                USART2_IRQHandler
                0x0000000008000c2c                I2C2_ER_IRQHandler
                0x0000000008000c2c                DMA1_Channel2_IRQHandler
                0x0000000008000c2c                TIM8_BRK_IRQHandler
                0x0000000008000c2c                FLASH_IRQHandler
                0x0000000008000c2c                USART1_IRQHandler
                0x0000000008000c2c                SPI3_IRQHandler
                0x0000000008000c2c                I2C1_ER_IRQHandler
                0x0000000008000c2c                DMA2_Channel3_IRQHandler
 *fill*         0x0000000008000c2e        0x2 
 .text.EXTI0_IRQHandler
                0x0000000008000c30       0x24 ./stm_driver/EXTI/Stm32_F103C6_EXTI_driver.o
                0x0000000008000c30                EXTI0_IRQHandler
 .text.EXTI1_IRQHandler
                0x0000000008000c54       0x24 ./stm_driver/EXTI/Stm32_F103C6_EXTI_driver.o
                0x0000000008000c54                EXTI1_IRQHandler
 .text.EXTI2_IRQHandler
                0x0000000008000c78       0x24 ./stm_driver/EXTI/Stm32_F103C6_EXTI_driver.o
                0x0000000008000c78                EXTI2_IRQHandler
 .text.EXTI3_IRQHandler
                0x0000000008000c9c       0x24 ./stm_driver/EXTI/Stm32_F103C6_EXTI_driver.o
                0x0000000008000c9c                EXTI3_IRQHandler
 .text.EXTI4_IRQHandler
                0x0000000008000cc0       0x24 ./stm_driver/EXTI/Stm32_F103C6_EXTI_driver.o
                0x0000000008000cc0                EXTI4_IRQHandler
 .text.EXTI9_5_IRQHandler
                0x0000000008000ce4       0xa8 ./stm_driver/EXTI/Stm32_F103C6_EXTI_driver.o
                0x0000000008000ce4                EXTI9_5_IRQHandler
 .text.EXTI15_10_IRQHandler
                0x0000000008000d8c       0xc4 ./stm_driver/EXTI/Stm32_F103C6_EXTI_driver.o
                0x0000000008000d8c                EXTI15_10_IRQHandler
 .text.__libc_init_array
                0x0000000008000e50       0x48 C:/ST/STM32CubeIDE_1.13.2/STM32CubeIDE/plugins/com.st.stm32cube.ide.mcu.externaltools.gnu-tools-for-stm32.11.3.rel1.win32_1.1.1.202309131626/tools/bin/../lib/gcc/arm-none-eabi/11.3.1/../../../../arm-none-eabi/lib/thumb/v7-m/nofp\libc_nano.a(libc_a-init.o)
                0x0000000008000e50                __libc_init_array
 *(.glue_7)
 .glue_7        0x0000000008000e98        0x0 linker stubs
 *(.glue_7t)
 .glue_7t       0x0000000008000e98        0x0 linker stubs
 *(.eh_frame)
 .eh_frame      0x0000000008000e98        0x0 C:/ST/STM32CubeIDE_1.13.2/STM32CubeIDE/plugins/com.st.stm32cube.ide.mcu.externaltools.gnu-tools-for-stm32.11.3.rel1.win32_1.1.1.202309131626/tools/bin/../lib/gcc/arm-none-eabi/11.3.1/thumb/v7-m/nofp/crtbegin.o
 *(.init)
 .init          0x0000000008000e98        0x4 C:/ST/STM32CubeIDE_1.13.2/STM32CubeIDE/plugins/com.st.stm32cube.ide.mcu.externaltools.gnu-tools-for-stm32.11.3.rel1.win32_1.1.1.202309131626/tools/bin/../lib/gcc/arm-none-eabi/11.3.1/thumb/v7-m/nofp/crti.o
                0x0000000008000e98                _init
 .init          0x0000000008000e9c        0x8 C:/ST/STM32CubeIDE_1.13.2/STM32CubeIDE/plugins/com.st.stm32cube.ide.mcu.externaltools.gnu-tools-for-stm32.11.3.rel1.win32_1.1.1.202309131626/tools/bin/../lib/gcc/arm-none-eabi/11.3.1/thumb/v7-m/nofp/crtn.o
 *(.fini)
 .fini          0x0000000008000ea4        0x4 C:/ST/STM32CubeIDE_1.13.2/STM32CubeIDE/plugins/com.st.stm32cube.ide.mcu.externaltools.gnu-tools-for-stm32.11.3.rel1.win32_1.1.1.202309131626/tools/bin/../lib/gcc/arm-none-eabi/11.3.1/thumb/v7-m/nofp/crti.o
                0x0000000008000ea4                _fini
 .fini          0x0000000008000ea8        0x8 C:/ST/STM32CubeIDE_1.13.2/STM32CubeIDE/plugins/com.st.stm32cube.ide.mcu.externaltools.gnu-tools-for-stm32.11.3.rel1.win32_1.1.1.202309131626/tools/bin/../lib/gcc/arm-none-eabi/11.3.1/thumb/v7-m/nofp/crtn.o
                0x0000000008000eb0                . = ALIGN (0x4)
                0x0000000008000eb0                _etext = .

.vfp11_veneer   0x0000000008000eb0        0x0
 .vfp11_veneer  0x0000000008000eb0        0x0 linker stubs

.v4_bx          0x0000000008000eb0        0x0
 .v4_bx         0x0000000008000eb0        0x0 linker stubs

.iplt           0x0000000008000eb0        0x0
 .iplt          0x0000000008000eb0        0x0 C:/ST/STM32CubeIDE_1.13.2/STM32CubeIDE/plugins/com.st.stm32cube.ide.mcu.externaltools.gnu-tools-for-stm32.11.3.rel1.win32_1.1.1.202309131626/tools/bin/../lib/gcc/arm-none-eabi/11.3.1/thumb/v7-m/nofp/crtbegin.o

.rodata         0x0000000008000eb0       0x24
                0x0000000008000eb0                . = ALIGN (0x4)
 *(.rodata)
 .rodata        0x0000000008000eb0        0x9 ./RTOS/Schedular.o
 *fill*         0x0000000008000eb9        0x3 
 .rodata        0x0000000008000ebc       0x17 ./Src/main.o
 *(.rodata*)
                0x0000000008000ed4                . = ALIGN (0x4)
 *fill*         0x0000000008000ed3        0x1 

.rel.dyn        0x0000000008000ed4        0x0
 .rel.iplt      0x0000000008000ed4        0x0 C:/ST/STM32CubeIDE_1.13.2/STM32CubeIDE/plugins/com.st.stm32cube.ide.mcu.externaltools.gnu-tools-for-stm32.11.3.rel1.win32_1.1.1.202309131626/tools/bin/../lib/gcc/arm-none-eabi/11.3.1/thumb/v7-m/nofp/crtbegin.o

.ARM.extab      0x0000000008000ed4        0x0
                0x0000000008000ed4                . = ALIGN (0x4)
 *(.ARM.extab* .gnu.linkonce.armextab.*)
                0x0000000008000ed4                . = ALIGN (0x4)

.ARM            0x0000000008000ed4        0x0
                0x0000000008000ed4                . = ALIGN (0x4)
                0x0000000008000ed4                __exidx_start = .
 *(.ARM.exidx*)
                0x0000000008000ed4                __exidx_end = .
                0x0000000008000ed4                . = ALIGN (0x4)

.preinit_array  0x0000000008000ed4        0x0
                0x0000000008000ed4                . = ALIGN (0x4)
                0x0000000008000ed4                PROVIDE (__preinit_array_start = .)
 *(.preinit_array*)
                0x0000000008000ed4                PROVIDE (__preinit_array_end = .)
                0x0000000008000ed4                . = ALIGN (0x4)

.init_array     0x0000000008000ed4        0x4
                0x0000000008000ed4                . = ALIGN (0x4)
                0x0000000008000ed4                PROVIDE (__init_array_start = .)
 *(SORT_BY_NAME(.init_array.*))
 *(.init_array*)
 .init_array    0x0000000008000ed4        0x4 C:/ST/STM32CubeIDE_1.13.2/STM32CubeIDE/plugins/com.st.stm32cube.ide.mcu.externaltools.gnu-tools-for-stm32.11.3.rel1.win32_1.1.1.202309131626/tools/bin/../lib/gcc/arm-none-eabi/11.3.1/thumb/v7-m/nofp/crtbegin.o
                0x0000000008000ed8                PROVIDE (__init_array_end = .)
                0x0000000008000ed8                . = ALIGN (0x4)

.fini_array     0x0000000008000ed8        0x4
                0x0000000008000ed8                . = ALIGN (0x4)
                [!provide]                        PROVIDE (__fini_array_start = .)
 *(SORT_BY_NAME(.fini_array.*))
 *(.fini_array*)
 .fini_array    0x0000000008000ed8        0x4 C:/ST/STM32CubeIDE_1.13.2/STM32CubeIDE/plugins/com.st.stm32cube.ide.mcu.externaltools.gnu-tools-for-stm32.11.3.rel1.win32_1.1.1.202309131626/tools/bin/../lib/gcc/arm-none-eabi/11.3.1/thumb/v7-m/nofp/crtbegin.o
                [!provide]                        PROVIDE (__fini_array_end = .)
                0x0000000008000edc                . = ALIGN (0x4)
                0x0000000008000edc                _sidata = LOADADDR (.data)

.data           0x0000000020000000        0x0 load address 0x0000000008000edc
                0x0000000020000000                . = ALIGN (0x4)
                0x0000000020000000                _sdata = .
 *(.data)
 *(.data*)
 *(.RamFunc)
 *(.RamFunc*)
                0x0000000020000000                . = ALIGN (0x4)
                0x0000000020000000                _edata = .

.igot.plt       0x0000000020000000        0x0 load address 0x0000000008000edc
 .igot.plt      0x0000000020000000        0x0 C:/ST/STM32CubeIDE_1.13.2/STM32CubeIDE/plugins/com.st.stm32cube.ide.mcu.externaltools.gnu-tools-for-stm32.11.3.rel1.win32_1.1.1.202309131626/tools/bin/../lib/gcc/arm-none-eabi/11.3.1/thumb/v7-m/nofp/crtbegin.o
                0x0000000020000000                . = ALIGN (0x4)

.bss            0x0000000020000000      0x4b4 load address 0x0000000008000edc
                0x0000000020000000                _sbss = .
                0x0000000020000000                __bss_start__ = _sbss
 *(.bss)
 .bss           0x0000000020000000       0x1c C:/ST/STM32CubeIDE_1.13.2/STM32CubeIDE/plugins/com.st.stm32cube.ide.mcu.externaltools.gnu-tools-for-stm32.11.3.rel1.win32_1.1.1.202309131626/tools/bin/../lib/gcc/arm-none-eabi/11.3.1/thumb/v7-m/nofp/crtbegin.o
 *(.bss*)
 .bss.SystTickIndication
                0x000000002000001c        0x1 ./RTOS/CortexMxOS_Porting.o
                0x000000002000001c                SystTickIndication
 *fill*         0x000000002000001d        0x3 
 .bss.ReadyQueue
                0x0000000020000020       0x14 ./RTOS/Schedular.o
                0x0000000020000020                ReadyQueue
 .bss.ReadyQueueFIFO
                0x0000000020000034      0x190 ./RTOS/Schedular.o
                0x0000000020000034                ReadyQueueFIFO
 .bss.MYRTOS_IdleTask
                0x00000000200001c4       0x40 ./RTOS/Schedular.o
                0x00000000200001c4                MYRTOS_IdleTask
 .bss.OS_Control
                0x0000000020000204      0x1ac ./RTOS/Schedular.o
                0x0000000020000204                OS_Control
 .bss.idleTaskIndication
                0x00000000200003b0        0x1 ./RTOS/Schedular.o
                0x00000000200003b0                idleTaskIndication
 *fill*         0x00000000200003b1        0x3 
 .bss.Task1     0x00000000200003b4       0x40 ./Src/main.o
                0x00000000200003b4                Task1
 .bss.Task2     0x00000000200003f4       0x40 ./Src/main.o
                0x00000000200003f4                Task2
 .bss.Task3     0x0000000020000434       0x40 ./Src/main.o
                0x0000000020000434                Task3
 .bss.Task1Indication
                0x0000000020000474        0x1 ./Src/main.o
                0x0000000020000474                Task1Indication
 .bss.Task2Indication
                0x0000000020000475        0x1 ./Src/main.o
                0x0000000020000475                Task2Indication
 .bss.Task3Indication
                0x0000000020000476        0x1 ./Src/main.o
                0x0000000020000476                Task3Indication
 *fill*         0x0000000020000477        0x1 
 .bss.GP_IRQ_CallBack
                0x0000000020000478       0x3c ./stm_driver/EXTI/Stm32_F103C6_EXTI_driver.o
                0x0000000020000478                GP_IRQ_CallBack
 *(COMMON)
                0x00000000200004b4                . = ALIGN (0x4)
                0x00000000200004b4                _ebss = .
                0x00000000200004b4                __bss_end__ = _ebss

._user_heap_stack
                0x00000000200004b4      0x604 load address 0x0000000008000edc
                0x00000000200004b8                . = ALIGN (0x8)
 *fill*         0x00000000200004b4        0x4 
                [!provide]                        PROVIDE (end = .)
                0x00000000200004b8                PROVIDE (_end = .)
                0x00000000200006b8                . = (. + _Min_Heap_Size)
 *fill*         0x00000000200004b8      0x200 
                0x00000000200006b8                _eheap = .
                0x00000000200006b8                . = ALIGN (0x8)
                0x0000000020000ab8                . = (. + _Min_Stack_Size)
 *fill*         0x00000000200006b8      0x400 

/DISCARD/
 libc.a(*)
 libm.a(*)
 libgcc.a(*)

.ARM.attributes
                0x0000000000000000       0x29
 *(.ARM.attributes)
 .ARM.attributes
                0x0000000000000000       0x1d C:/ST/STM32CubeIDE_1.13.2/STM32CubeIDE/plugins/com.st.stm32cube.ide.mcu.externaltools.gnu-tools-for-stm32.11.3.rel1.win32_1.1.1.202309131626/tools/bin/../lib/gcc/arm-none-eabi/11.3.1/thumb/v7-m/nofp/crti.o
 .ARM.attributes
                0x000000000000001d       0x2d C:/ST/STM32CubeIDE_1.13.2/STM32CubeIDE/plugins/com.st.stm32cube.ide.mcu.externaltools.gnu-tools-for-stm32.11.3.rel1.win32_1.1.1.202309131626/tools/bin/../lib/gcc/arm-none-eabi/11.3.1/thumb/v7-m/nofp/crtbegin.o
 .ARM.attributes
                0x000000000000004a       0x2d ./RTOS/CortexMxOS_Porting.o
 .ARM.attributes
                0x0000000000000077       0x2d ./RTOS/My_RTOS_FIFO.o
 .ARM.attributes
                0x00000000000000a4       0x2d ./RTOS/Schedular.o
 .ARM.attributes
                0x00000000000000d1       0x2d ./Src/main.o
 .ARM.attributes
                0x00000000000000fe       0x21 ./Startup/startup_stm32f103c6tx.o
 .ARM.attributes
                0x000000000000011f       0x2d ./stm_driver/EXTI/Stm32_F103C6_EXTI_driver.o
 .ARM.attributes
                0x000000000000014c       0x2d C:/ST/STM32CubeIDE_1.13.2/STM32CubeIDE/plugins/com.st.stm32cube.ide.mcu.externaltools.gnu-tools-for-stm32.11.3.rel1.win32_1.1.1.202309131626/tools/bin/../lib/gcc/arm-none-eabi/11.3.1/../../../../arm-none-eabi/lib/thumb/v7-m/nofp\libc_nano.a(libc_a-init.o)
 .ARM.attributes
                0x0000000000000179       0x1b C:/ST/STM32CubeIDE_1.13.2/STM32CubeIDE/plugins/com.st.stm32cube.ide.mcu.externaltools.gnu-tools-for-stm32.11.3.rel1.win32_1.1.1.202309131626/tools/bin/../lib/gcc/arm-none-eabi/11.3.1/../../../../arm-none-eabi/lib/thumb/v7-m/nofp\libc_nano.a(libc_a-strcmp.o)
 .ARM.attributes
                0x0000000000000194       0x1d C:/ST/STM32CubeIDE_1.13.2/STM32CubeIDE/plugins/com.st.stm32cube.ide.mcu.externaltools.gnu-tools-for-stm32.11.3.rel1.win32_1.1.1.202309131626/tools/bin/../lib/gcc/arm-none-eabi/11.3.1/thumb/v7-m/nofp/crtn.o
OUTPUT(rtos.elf elf32-littlearm)
LOAD linker stubs
LOAD C:/ST/STM32CubeIDE_1.13.2/STM32CubeIDE/plugins/com.st.stm32cube.ide.mcu.externaltools.gnu-tools-for-stm32.11.3.rel1.win32_1.1.1.202309131626/tools/bin/../lib/gcc/arm-none-eabi/11.3.1/../../../../arm-none-eabi/lib/thumb/v7-m/nofp\libc.a
LOAD C:/ST/STM32CubeIDE_1.13.2/STM32CubeIDE/plugins/com.st.stm32cube.ide.mcu.externaltools.gnu-tools-for-stm32.11.3.rel1.win32_1.1.1.202309131626/tools/bin/../lib/gcc/arm-none-eabi/11.3.1/../../../../arm-none-eabi/lib/thumb/v7-m/nofp\libm.a
LOAD C:/ST/STM32CubeIDE_1.13.2/STM32CubeIDE/plugins/com.st.stm32cube.ide.mcu.externaltools.gnu-tools-for-stm32.11.3.rel1.win32_1.1.1.202309131626/tools/bin/../lib/gcc/arm-none-eabi/11.3.1/thumb/v7-m/nofp\libgcc.a

.comment        0x0000000000000000       0x43
 .comment       0x0000000000000000       0x43 C:/ST/STM32CubeIDE_1.13.2/STM32CubeIDE/plugins/com.st.stm32cube.ide.mcu.externaltools.gnu-tools-for-stm32.11.3.rel1.win32_1.1.1.202309131626/tools/bin/../lib/gcc/arm-none-eabi/11.3.1/thumb/v7-m/nofp/crtbegin.o
                                         0x44 (size before relaxing)
 .comment       0x0000000000000043       0x44 ./RTOS/CortexMxOS_Porting.o
 .comment       0x0000000000000043       0x44 ./RTOS/My_RTOS_FIFO.o
 .comment       0x0000000000000043       0x44 ./RTOS/Schedular.o
 .comment       0x0000000000000043       0x44 ./Src/main.o
 .comment       0x0000000000000043       0x44 ./stm_driver/EXTI/Stm32_F103C6_EXTI_driver.o

.debug_info     0x0000000000000000     0x19f1
 .debug_info    0x0000000000000000      0x649 ./RTOS/CortexMxOS_Porting.o
 .debug_info    0x0000000000000649      0x371 ./RTOS/My_RTOS_FIFO.o
 .debug_info    0x00000000000009ba      0x7a1 ./RTOS/Schedular.o
 .debug_info    0x000000000000115b      0x344 ./Src/main.o
 .debug_info    0x000000000000149f       0x23 ./Startup/startup_stm32f103c6tx.o
 .debug_info    0x00000000000014c2      0x52f ./stm_driver/EXTI/Stm32_F103C6_EXTI_driver.o

.debug_abbrev   0x0000000000000000      0x897
 .debug_abbrev  0x0000000000000000      0x1e0 ./RTOS/CortexMxOS_Porting.o
 .debug_abbrev  0x00000000000001e0       0xe7 ./RTOS/My_RTOS_FIFO.o
 .debug_abbrev  0x00000000000002c7      0x2e8 ./RTOS/Schedular.o
 .debug_abbrev  0x00000000000005af      0x13c ./Src/main.o
 .debug_abbrev  0x00000000000006eb       0x12 ./Startup/startup_stm32f103c6tx.o
 .debug_abbrev  0x00000000000006fd      0x19a ./stm_driver/EXTI/Stm32_F103C6_EXTI_driver.o

.debug_loc      0x0000000000000000      0xb38
 .debug_loc     0x0000000000000000      0x224 ./RTOS/CortexMxOS_Porting.o
 .debug_loc     0x0000000000000224      0x170 ./RTOS/My_RTOS_FIFO.o
 .debug_loc     0x0000000000000394      0x3c8 ./RTOS/Schedular.o
 .debug_loc     0x000000000000075c       0xbc ./Src/main.o
 .debug_loc     0x0000000000000818      0x320 ./stm_driver/EXTI/Stm32_F103C6_EXTI_driver.o

.debug_aranges  0x0000000000000000      0x210
 .debug_aranges
                0x0000000000000000       0x70 ./RTOS/CortexMxOS_Porting.o
 .debug_aranges
                0x0000000000000070       0x38 ./RTOS/My_RTOS_FIFO.o
 .debug_aranges
                0x00000000000000a8       0x88 ./RTOS/Schedular.o
 .debug_aranges
                0x0000000000000130       0x38 ./Src/main.o
 .debug_aranges
                0x0000000000000168       0x28 ./Startup/startup_stm32f103c6tx.o
 .debug_aranges
                0x0000000000000190       0x80 ./stm_driver/EXTI/Stm32_F103C6_EXTI_driver.o

.debug_ranges   0x0000000000000000      0x198
 .debug_ranges  0x0000000000000000       0x60 ./RTOS/CortexMxOS_Porting.o
 .debug_ranges  0x0000000000000060       0x28 ./RTOS/My_RTOS_FIFO.o
 .debug_ranges  0x0000000000000088       0x78 ./RTOS/Schedular.o
 .debug_ranges  0x0000000000000100       0x28 ./Src/main.o
 .debug_ranges  0x0000000000000128       0x70 ./stm_driver/EXTI/Stm32_F103C6_EXTI_driver.o

.debug_macro    0x0000000000000000     0x391b
 .debug_macro   0x0000000000000000       0xb9 ./RTOS/CortexMxOS_Porting.o
 .debug_macro   0x00000000000000b9      0xa8a ./RTOS/CortexMxOS_Porting.o
 .debug_macro   0x0000000000000b43       0x28 ./RTOS/CortexMxOS_Porting.o
 .debug_macro   0x0000000000000b6b       0x22 ./RTOS/CortexMxOS_Porting.o
 .debug_macro   0x0000000000000b8d       0x8e ./RTOS/CortexMxOS_Porting.o
 .debug_macro   0x0000000000000c1b       0x51 ./RTOS/CortexMxOS_Porting.o
 .debug_macro   0x0000000000000c6c      0x103 ./RTOS/CortexMxOS_Porting.o
 .debug_macro   0x0000000000000d6f       0x6a ./RTOS/CortexMxOS_Porting.o
 .debug_macro   0x0000000000000dd9      0x1df ./RTOS/CortexMxOS_Porting.o
 .debug_macro   0x0000000000000fb8       0x1c ./RTOS/CortexMxOS_Porting.o
 .debug_macro   0x0000000000000fd4       0x22 ./RTOS/CortexMxOS_Porting.o
 .debug_macro   0x0000000000000ff6       0xdf ./RTOS/CortexMxOS_Porting.o
 .debug_macro   0x00000000000010d5      0xe3c ./RTOS/CortexMxOS_Porting.o
 .debug_macro   0x0000000000001f11       0x2e ./RTOS/CortexMxOS_Porting.o
 .debug_macro   0x0000000000001f3f      0x1aa ./RTOS/My_RTOS_FIFO.o
 .debug_macro   0x00000000000020e9       0x5b ./RTOS/My_RTOS_FIFO.o
 .debug_macro   0x0000000000002144       0x24 ./RTOS/My_RTOS_FIFO.o
 .debug_macro   0x0000000000002168       0x94 ./RTOS/My_RTOS_FIFO.o
 .debug_macro   0x00000000000021fc       0x43 ./RTOS/My_RTOS_FIFO.o
 .debug_macro   0x000000000000223f       0x34 ./RTOS/My_RTOS_FIFO.o
 .debug_macro   0x0000000000002273       0x16 ./RTOS/My_RTOS_FIFO.o
 .debug_macro   0x0000000000002289       0x57 ./RTOS/My_RTOS_FIFO.o
 .debug_macro   0x00000000000022e0       0x97 ./RTOS/My_RTOS_FIFO.o
 .debug_macro   0x0000000000002377      0x369 ./RTOS/My_RTOS_FIFO.o
 .debug_macro   0x00000000000026e0       0xfd ./RTOS/My_RTOS_FIFO.o
 .debug_macro   0x00000000000027dd       0x10 ./RTOS/My_RTOS_FIFO.o
 .debug_macro   0x00000000000027ed       0x16 ./RTOS/My_RTOS_FIFO.o
 .debug_macro   0x0000000000002803       0x43 ./RTOS/My_RTOS_FIFO.o
 .debug_macro   0x0000000000002846       0x34 ./RTOS/My_RTOS_FIFO.o
 .debug_macro   0x000000000000287a       0x10 ./RTOS/My_RTOS_FIFO.o
 .debug_macro   0x000000000000288a       0x58 ./RTOS/My_RTOS_FIFO.o
 .debug_macro   0x00000000000028e2       0x8e ./RTOS/My_RTOS_FIFO.o
 .debug_macro   0x0000000000002970       0x1c ./RTOS/My_RTOS_FIFO.o
 .debug_macro   0x000000000000298c      0x177 ./RTOS/My_RTOS_FIFO.o
 .debug_macro   0x0000000000002b03       0x16 ./RTOS/My_RTOS_FIFO.o
 .debug_macro   0x0000000000002b19       0x16 ./RTOS/My_RTOS_FIFO.o
 .debug_macro   0x0000000000002b2f      0x147 ./RTOS/My_RTOS_FIFO.o
 .debug_macro   0x0000000000002c76      0x1e8 ./RTOS/Schedular.o
 .debug_macro   0x0000000000002e5e       0x61 ./RTOS/Schedular.o
 .debug_macro   0x0000000000002ebf       0x16 ./RTOS/Schedular.o
 .debug_macro   0x0000000000002ed5       0x35 ./RTOS/Schedular.o
 .debug_macro   0x0000000000002f0a       0x20 ./RTOS/Schedular.o
 .debug_macro   0x0000000000002f2a      0x1f7 ./Src/main.o
 .debug_macro   0x0000000000003121       0x16 ./Src/main.o
 .debug_macro   0x0000000000003137      0x10e ./Src/main.o
 .debug_macro   0x0000000000003245       0x8d ./Src/main.o
 .debug_macro   0x00000000000032d2       0x16 ./Src/main.o
 .debug_macro   0x00000000000032e8       0x29 ./Src/main.o
 .debug_macro   0x0000000000003311      0x1b0 ./Src/main.o
 .debug_macro   0x00000000000034c1       0xd6 ./Src/main.o
 .debug_macro   0x0000000000003597      0x225 ./Src/main.o
 .debug_macro   0x00000000000037bc      0x15f ./stm_driver/EXTI/Stm32_F103C6_EXTI_driver.o

.debug_line     0x0000000000000000     0x2b0d
 .debug_line    0x0000000000000000      0x60e ./RTOS/CortexMxOS_Porting.o
 .debug_line    0x000000000000060e      0x783 ./RTOS/My_RTOS_FIFO.o
 .debug_line    0x0000000000000d91      0xb84 ./RTOS/Schedular.o
 .debug_line    0x0000000000001915      0x771 ./Src/main.o
 .debug_line    0x0000000000002086       0x7b ./Startup/startup_stm32f103c6tx.o
 .debug_line    0x0000000000002101      0xa0c ./stm_driver/EXTI/Stm32_F103C6_EXTI_driver.o

.debug_str      0x0000000000000000     0xfa05
 .debug_str     0x0000000000000000     0x98a9 ./RTOS/CortexMxOS_Porting.o
                                       0x9a44 (size before relaxing)
 .debug_str     0x00000000000098a9     0x3b67 ./RTOS/My_RTOS_FIFO.o
                                       0xd340 (size before relaxing)
 .debug_str     0x000000000000d410      0x34b ./RTOS/Schedular.o
                                       0xd690 (size before relaxing)
 .debug_str     0x000000000000d75b     0x1f41 ./Src/main.o
                                       0xec53 (size before relaxing)
 .debug_str     0x000000000000f69c       0x8f ./Startup/startup_stm32f103c6tx.o
 .debug_str     0x000000000000f72b      0x2da ./stm_driver/EXTI/Stm32_F103C6_EXTI_driver.o
                                       0x928d (size before relaxing)

.debug_frame    0x0000000000000000      0x648
 .debug_frame   0x0000000000000000      0x140 ./RTOS/CortexMxOS_Porting.o
 .debug_frame   0x0000000000000140       0xb0 ./RTOS/My_RTOS_FIFO.o
 .debug_frame   0x00000000000001f0      0x1e4 ./RTOS/Schedular.o
 .debug_frame   0x00000000000003d4       0x78 ./Src/main.o
 .debug_frame   0x000000000000044c      0x1b0 ./stm_driver/EXTI/Stm32_F103C6_EXTI_driver.o
 .debug_frame   0x00000000000005fc       0x2c C:/ST/STM32CubeIDE_1.13.2/STM32CubeIDE/plugins/com.st.stm32cube.ide.mcu.externaltools.gnu-tools-for-stm32.11.3.rel1.win32_1.1.1.202309131626/tools/bin/../lib/gcc/arm-none-eabi/11.3.1/../../../../arm-none-eabi/lib/thumb/v7-m/nofp\libc_nano.a(libc_a-init.o)
 .debug_frame   0x0000000000000628       0x20 C:/ST/STM32CubeIDE_1.13.2/STM32CubeIDE/plugins/com.st.stm32cube.ide.mcu.externaltools.gnu-tools-for-stm32.11.3.rel1.win32_1.1.1.202309131626/tools/bin/../lib/gcc/arm-none-eabi/11.3.1/../../../../arm-none-eabi/lib/thumb/v7-m/nofp\libc_nano.a(libc_a-strcmp.o)

.debug_line_str
                0x0000000000000000       0x83
 .debug_line_str
                0x0000000000000000       0x83 ./Startup/startup_stm32f103c6tx.o
                                         0x9b (size before relaxing)

.debug_rnglists
                0x0000000000000000       0x19
 .debug_rnglists
                0x0000000000000000       0x19 ./Startup/startup_stm32f103c6tx.o
