C:/Users/ahmed/Desktop/github/embedded_diploma/embedded_diplom/learn_in_depth/Unit_8_MCU_Interfacing/lesson4_SPI_STM_driver/SPI/MCAL/stm32f103xxx_SPI.c:43:6:MCAL_SPI_Init	24	static
C:/Users/ahmed/Desktop/github/embedded_diploma/embedded_diplom/learn_in_depth/Unit_8_MCU_Interfacing/lesson4_SPI_STM_driver/SPI/MCAL/stm32f103xxx_SPI.c:133:6:MCAL_SPI_DeInit	16	static
C:/Users/ahmed/Desktop/github/embedded_diploma/embedded_diplom/learn_in_depth/Unit_8_MCU_Interfacing/lesson4_SPI_STM_driver/SPI/MCAL/stm32f103xxx_SPI.c:155:6:MCAL_SPI_GPIO_Set_Pins	24	static
C:/Users/ahmed/Desktop/github/embedded_diploma/embedded_diplom/learn_in_depth/Unit_8_MCU_Interfacing/lesson4_SPI_STM_driver/SPI/MCAL/stm32f103xxx_SPI.c:328:6:MCAL_SPI_Send_Data	24	static
C:/Users/ahmed/Desktop/github/embedded_diploma/embedded_diplom/learn_in_depth/Unit_8_MCU_Interfacing/lesson4_SPI_STM_driver/SPI/MCAL/stm32f103xxx_SPI.c:351:6:MCAL_SPI_Recieve_Data	24	static
C:/Users/ahmed/Desktop/github/embedded_diploma/embedded_diplom/learn_in_depth/Unit_8_MCU_Interfacing/lesson4_SPI_STM_driver/SPI/MCAL/stm32f103xxx_SPI.c:372:6:MCAL_SPI_TX_RX	24	static
C:/Users/ahmed/Desktop/github/embedded_diploma/embedded_diplom/learn_in_depth/Unit_8_MCU_Interfacing/lesson4_SPI_STM_driver/SPI/MCAL/stm32f103xxx_SPI.c:399:6:SPI1_IRQHandler	16	static
C:/Users/ahmed/Desktop/github/embedded_diploma/embedded_diplom/learn_in_depth/Unit_8_MCU_Interfacing/lesson4_SPI_STM_driver/SPI/MCAL/stm32f103xxx_SPI.c:411:6:SPI2_IRQHandler	16	static
