../stm_driver/EXTI/Stm32_F103C6_EXTI_driver.c:33:6:Enable_NVIC	16	static
../stm_driver/EXTI/Stm32_F103C6_EXTI_driver.c:71:6:Disable_NVIC	16	static
../stm_driver/EXTI/Stm32_F103C6_EXTI_driver.c:110:6:Update_EXTI	24	static
../stm_driver/EXTI/Stm32_F103C6_EXTI_driver.c:194:6:MCAL_EXTI_GPIO_DeInit	4	static
../stm_driver/EXTI/Stm32_F103C6_EXTI_driver.c:227:6:MCAL_EXTI_GPIO_Init	16	static
../stm_driver/EXTI/Stm32_F103C6_EXTI_driver.c:243:6:MCAL_EXTI_GPIO_Update	16	static
../stm_driver/EXTI/Stm32_F103C6_EXTI_driver.c:251:6:EXTI0_IRQHandler	8	static
../stm_driver/EXTI/Stm32_F103C6_EXTI_driver.c:263:6:EXTI1_IRQHandler	8	static
../stm_driver/EXTI/Stm32_F103C6_EXTI_driver.c:273:6:EXTI2_IRQHandler	8	static
../stm_driver/EXTI/Stm32_F103C6_EXTI_driver.c:284:6:EXTI3_IRQHandler	8	static
../stm_driver/EXTI/Stm32_F103C6_EXTI_driver.c:295:6:EXTI4_IRQHandler	8	static
../stm_driver/EXTI/Stm32_F103C6_EXTI_driver.c:306:6:EXTI9_5_IRQHandler	8	static
../stm_driver/EXTI/Stm32_F103C6_EXTI_driver.c:318:6:EXTI15_10_IRQHandler	8	static
