
Memory Configuration

Name             Origin             Length             Attributes
Mem              0x00000000         0x04000000         xrw
*default*        0x00000000         0xffffffff

Linker script and memory map

                0x00010000                        . = 0x10000

.startup        0x00010000       0x10
 startup.o(.text)
 .text          0x00010000       0x10 startup.o

.text           0x00010010       0x78
 *(.text)
 .text          0x00010010       0x58 uart.o
                0x00010010                uart_send
 .text          0x00010068       0x20 main.o
                0x00010068                main
 *(.rodata)

.glue_7         0x00010088        0x0
 .glue_7        0x00010088        0x0 linker stubs

.glue_7t        0x00010088        0x0
 .glue_7t       0x00010088        0x0 linker stubs

.vfp11_veneer   0x00010088        0x0
 .vfp11_veneer  0x00010088        0x0 linker stubs

.v4_bx          0x00010088        0x0
 .v4_bx         0x00010088        0x0 linker stubs

.iplt           0x00010088        0x0
 .iplt          0x00010088        0x0 startup.o

.rel.dyn        0x00010088        0x0
 .rel.iplt      0x00010088        0x0 startup.o

.data           0x00010088       0xc8
 *(.data)
 .data          0x00010088        0x0 startup.o
 .data          0x00010088        0x0 uart.o
 .data          0x00010088       0xc8 main.o
                0x00010088                string
                0x000100ec                string2

.igot.plt       0x00010150        0x0
 .igot.plt      0x00010150        0x0 startup.o

.bss            0x00010150        0x4
 *(.bss)
 .bss           0x00010150        0x0 startup.o
 .bss           0x00010150        0x0 uart.o
 .bss           0x00010150        0x4 main.o
                0x00010150                x
 *(COMMON)
                0x00011154                        . = (. + 0x1000)
                0x00011154                        stack_top = .
LOAD startup.o
LOAD uart.o
LOAD main.o
OUTPUT(result.elf elf32-littlearm)
LOAD linker stubs

.ARM.attributes
                0x00000000       0x2e
 .ARM.attributes
                0x00000000       0x22 startup.o
 .ARM.attributes
                0x00000022       0x2c uart.o
 .ARM.attributes
                0x0000004e       0x2c main.o

.comment        0x00000000       0x45
 .comment       0x00000000       0x45 uart.o
                                 0x46 (size before relaxing)
 .comment       0x00000045       0x46 main.o

.debug_info     0x00000000      0x104
 .debug_info    0x00000000       0x5a uart.o
 .debug_info    0x0000005a       0xaa main.o

.debug_abbrev   0x00000000       0xf6
 .debug_abbrev  0x00000000       0x54 uart.o
 .debug_abbrev  0x00000054       0xa2 main.o

.debug_aranges  0x00000000       0x40
 .debug_aranges
                0x00000000       0x20 uart.o
 .debug_aranges
                0x00000020       0x20 main.o

.debug_line     0x00000000       0x97
 .debug_line    0x00000000       0x4e uart.o
 .debug_line    0x0000004e       0x49 main.o

.debug_str      0x00000000       0xe3
 .debug_str     0x00000000       0xc2 uart.o
 .debug_str     0x000000c2       0x21 main.o
                                 0xdc (size before relaxing)

.debug_frame    0x00000000       0x5c
 .debug_frame   0x00000000       0x30 uart.o
 .debug_frame   0x00000030       0x2c main.o
