Archive member included to satisfy reference by file (symbol)

C:/ST/STM32CubeIDE_1.13.2/STM32CubeIDE/plugins/com.st.stm32cube.ide.mcu.externaltools.gnu-tools-for-stm32.11.3.rel1.win32_1.1.1.202309131626/tools/bin/../lib/gcc/arm-none-eabi/11.3.1/../../../../arm-none-eabi/lib/thumb/v7-m/nofp\libc_nano.a(libc_a-exit.o)
                              C:/ST/STM32CubeIDE_1.13.2/STM32CubeIDE/plugins/com.st.stm32cube.ide.mcu.externaltools.gnu-tools-for-stm32.11.3.rel1.win32_1.1.1.202309131626/tools/bin/../lib/gcc/arm-none-eabi/11.3.1/../../../../arm-none-eabi/lib/thumb/v7-m/nofp/crt0.o (exit)
C:/ST/STM32CubeIDE_1.13.2/STM32CubeIDE/plugins/com.st.stm32cube.ide.mcu.externaltools.gnu-tools-for-stm32.11.3.rel1.win32_1.1.1.202309131626/tools/bin/../lib/gcc/arm-none-eabi/11.3.1/../../../../arm-none-eabi/lib/thumb/v7-m/nofp\libc_nano.a(libc_a-findfp.o)
                              C:/ST/STM32CubeIDE_1.13.2/STM32CubeIDE/plugins/com.st.stm32cube.ide.mcu.externaltools.gnu-tools-for-stm32.11.3.rel1.win32_1.1.1.202309131626/tools/bin/../lib/gcc/arm-none-eabi/11.3.1/../../../../arm-none-eabi/lib/thumb/v7-m/nofp\libc_nano.a(libc_a-exit.o) (__stdio_exit_handler)
C:/ST/STM32CubeIDE_1.13.2/STM32CubeIDE/plugins/com.st.stm32cube.ide.mcu.externaltools.gnu-tools-for-stm32.11.3.rel1.win32_1.1.1.202309131626/tools/bin/../lib/gcc/arm-none-eabi/11.3.1/../../../../arm-none-eabi/lib/thumb/v7-m/nofp\libc_nano.a(libc_a-fwalk.o)
                              C:/ST/STM32CubeIDE_1.13.2/STM32CubeIDE/plugins/com.st.stm32cube.ide.mcu.externaltools.gnu-tools-for-stm32.11.3.rel1.win32_1.1.1.202309131626/tools/bin/../lib/gcc/arm-none-eabi/11.3.1/../../../../arm-none-eabi/lib/thumb/v7-m/nofp\libc_nano.a(libc_a-findfp.o) (_fwalk_sglue)
C:/ST/STM32CubeIDE_1.13.2/STM32CubeIDE/plugins/com.st.stm32cube.ide.mcu.externaltools.gnu-tools-for-stm32.11.3.rel1.win32_1.1.1.202309131626/tools/bin/../lib/gcc/arm-none-eabi/11.3.1/../../../../arm-none-eabi/lib/thumb/v7-m/nofp\libc_nano.a(libc_a-stdio.o)
                              C:/ST/STM32CubeIDE_1.13.2/STM32CubeIDE/plugins/com.st.stm32cube.ide.mcu.externaltools.gnu-tools-for-stm32.11.3.rel1.win32_1.1.1.202309131626/tools/bin/../lib/gcc/arm-none-eabi/11.3.1/../../../../arm-none-eabi/lib/thumb/v7-m/nofp\libc_nano.a(libc_a-findfp.o) (__sread)
C:/ST/STM32CubeIDE_1.13.2/STM32CubeIDE/plugins/com.st.stm32cube.ide.mcu.externaltools.gnu-tools-for-stm32.11.3.rel1.win32_1.1.1.202309131626/tools/bin/../lib/gcc/arm-none-eabi/11.3.1/../../../../arm-none-eabi/lib/thumb/v7-m/nofp\libc_nano.a(libc_a-memset.o)
                              C:/ST/STM32CubeIDE_1.13.2/STM32CubeIDE/plugins/com.st.stm32cube.ide.mcu.externaltools.gnu-tools-for-stm32.11.3.rel1.win32_1.1.1.202309131626/tools/bin/../lib/gcc/arm-none-eabi/11.3.1/../../../../arm-none-eabi/lib/thumb/v7-m/nofp/crt0.o (memset)
C:/ST/STM32CubeIDE_1.13.2/STM32CubeIDE/plugins/com.st.stm32cube.ide.mcu.externaltools.gnu-tools-for-stm32.11.3.rel1.win32_1.1.1.202309131626/tools/bin/../lib/gcc/arm-none-eabi/11.3.1/../../../../arm-none-eabi/lib/thumb/v7-m/nofp\libc_nano.a(libc_a-closer.o)
                              C:/ST/STM32CubeIDE_1.13.2/STM32CubeIDE/plugins/com.st.stm32cube.ide.mcu.externaltools.gnu-tools-for-stm32.11.3.rel1.win32_1.1.1.202309131626/tools/bin/../lib/gcc/arm-none-eabi/11.3.1/../../../../arm-none-eabi/lib/thumb/v7-m/nofp\libc_nano.a(libc_a-stdio.o) (_close_r)
C:/ST/STM32CubeIDE_1.13.2/STM32CubeIDE/plugins/com.st.stm32cube.ide.mcu.externaltools.gnu-tools-for-stm32.11.3.rel1.win32_1.1.1.202309131626/tools/bin/../lib/gcc/arm-none-eabi/11.3.1/../../../../arm-none-eabi/lib/thumb/v7-m/nofp\libc_nano.a(libc_a-reent.o)
                              C:/ST/STM32CubeIDE_1.13.2/STM32CubeIDE/plugins/com.st.stm32cube.ide.mcu.externaltools.gnu-tools-for-stm32.11.3.rel1.win32_1.1.1.202309131626/tools/bin/../lib/gcc/arm-none-eabi/11.3.1/../../../../arm-none-eabi/lib/thumb/v7-m/nofp\libc_nano.a(libc_a-closer.o) (errno)
C:/ST/STM32CubeIDE_1.13.2/STM32CubeIDE/plugins/com.st.stm32cube.ide.mcu.externaltools.gnu-tools-for-stm32.11.3.rel1.win32_1.1.1.202309131626/tools/bin/../lib/gcc/arm-none-eabi/11.3.1/../../../../arm-none-eabi/lib/thumb/v7-m/nofp\libc_nano.a(libc_a-impure.o)
                              C:/ST/STM32CubeIDE_1.13.2/STM32CubeIDE/plugins/com.st.stm32cube.ide.mcu.externaltools.gnu-tools-for-stm32.11.3.rel1.win32_1.1.1.202309131626/tools/bin/../lib/gcc/arm-none-eabi/11.3.1/../../../../arm-none-eabi/lib/thumb/v7-m/nofp\libc_nano.a(libc_a-reent.o) (_impure_ptr)
C:/ST/STM32CubeIDE_1.13.2/STM32CubeIDE/plugins/com.st.stm32cube.ide.mcu.externaltools.gnu-tools-for-stm32.11.3.rel1.win32_1.1.1.202309131626/tools/bin/../lib/gcc/arm-none-eabi/11.3.1/../../../../arm-none-eabi/lib/thumb/v7-m/nofp\libc_nano.a(libc_a-lseekr.o)
[...]
Memory Configuration

Name             Origin             Length             Attributes
RAM              0x0000000020000000 0x0000000000002800 xrw
FLASH            0x0000000008000000 0x0000000000008000 xr
*default*        0x0000000000000000 0xffffffffffffffff

Linker script and memory map

LOAD C:/ST/STM32CubeIDE_1.13.2/STM32CubeIDE/plugins/com.st.stm32cube.ide.mcu.externaltools.gnu-tools-for-stm32.11.3.rel1.win32_1.1.1.202309131626/tools/bin/../lib/gcc/arm-none-eabi/11.3.1/thumb/v7-m/nofp/crti.o
LOAD C:/ST/STM32CubeIDE_1.13.2/STM32CubeIDE/plugins/com.st.stm32cube.ide.mcu.externaltools.gnu-tools-for-stm32.11.3.rel1.win32_1.1.1.202309131626/tools/bin/../lib/gcc/arm-none-eabi/11.3.1/thumb/v7-m/nofp/crtbegin.o
LOAD C:/ST/STM32CubeIDE_1.13.2/STM32CubeIDE/plugins/com.st.stm32cube.ide.mcu.externaltools.gnu-tools-for-stm32.11.3.rel1.win32_1.1.1.202309131626/tools/bin/../lib/gcc/arm-none-eabi/11.3.1/../../../../arm-none-eabi/lib/thumb/v7-m/nofp/crt0.o
LOAD ./Src/main.o
LOAD ./Src/syscalls.o
LOAD ./Src/sysmem.o
LOAD ./Startup/startup_stm32f103c6tx.o
LOAD ./stm_driver/EXTI/Stm32_F103C6_EXTI_driver.o
LOAD ./stm_driver/GPIO/Stm32_F103C6_gpio_driver.o
START GROUP
LOAD C:/ST/STM32CubeIDE_1.13.2/STM32CubeIDE/plugins/com.st.stm32cube.ide.mcu.externaltools.gnu-tools-for-stm32.11.3.rel1.win32_1.1.1.202309131626/tools/bin/../lib/gcc/arm-none-eabi/11.3.1/../../../../arm-none-eabi/lib/thumb/v7-m/nofp\libc_nano.a
LOAD C:/ST/STM32CubeIDE_1.13.2/STM32CubeIDE/plugins/com.st.stm32cube.ide.mcu.externaltools.gnu-tools-for-stm32.11.3.rel1.win32_1.1.1.202309131626/tools/bin/../lib/gcc/arm-none-eabi/11.3.1/../../../../arm-none-eabi/lib/thumb/v7-m/nofp\libm.a
END GROUP
START GROUP
LOAD C:/ST/STM32CubeIDE_1.13.2/STM32CubeIDE/plugins/com.st.stm32cube.ide.mcu.externaltools.gnu-tools-for-stm32.11.3.rel1.win32_1.1.1.202309131626/tools/bin/../lib/gcc/arm-none-eabi/11.3.1/thumb/v7-m/nofp\libgcc.a
LOAD C:/ST/STM32CubeIDE_1.13.2/STM32CubeIDE/plugins/com.st.stm32cube.ide.mcu.externaltools.gnu-tools-for-stm32.11.3.rel1.win32_1.1.1.202309131626/tools/bin/../lib/gcc/arm-none-eabi/11.3.1/../../../../arm-none-eabi/lib/thumb/v7-m/nofp\libc_nano.a
END GROUP
START GROUP
LOAD C:/ST/STM32CubeIDE_1.13.2/STM32CubeIDE/plugins/com.st.stm32cube.ide.mcu.externaltools.gnu-tools-for-stm32.11.3.rel1.win32_1.1.1.202309131626/tools/bin/../lib/gcc/arm-none-eabi/11.3.1/thumb/v7-m/nofp\libgcc.a
LOAD C:/ST/STM32CubeIDE_1.13.2/STM32CubeIDE/plugins/com.st.stm32cube.ide.mcu.externaltools.gnu-tools-for-stm32.11.3.rel1.win32_1.1.1.202309131626/tools/bin/../lib/gcc/arm-none-eabi/11.3.1/../../../../arm-none-eabi/lib/thumb/v7-m/nofp\libc_nano.a
LOAD C:/ST/STM32CubeIDE_1.13.2/STM32CubeIDE/plugins/com.st.stm32cube.ide.mcu.externaltools.gnu-tools-for-stm32.11.3.rel1.win32_1.1.1.202309131626/tools/bin/../lib/gcc/arm-none-eabi/11.3.1/../../../../arm-none-eabi/lib/thumb/v7-m/nofp\libnosys.a
END GROUP
START GROUP
LOAD C:/ST/STM32CubeIDE_1.13.2/STM32CubeIDE/plugins/com.st.stm32cube.ide.mcu.externaltools.gnu-tools-for-stm32.11.3.rel1.win32_1.1.1.202309131626/tools/bin/../lib/gcc/arm-none-eabi/11.3.1/thumb/v7-m/nofp\libgcc.a
LOAD C:/ST/STM32CubeIDE_1.13.2/STM32CubeIDE/plugins/com.st.stm32cube.ide.mcu.externaltools.gnu-tools-for-stm32.11.3.rel1.win32_1.1.1.202309131626/tools/bin/../lib/gcc/arm-none-eabi/11.3.1/../../../../arm-none-eabi/lib/thumb/v7-m/nofp\libc_nano.a
LOAD C:/ST/STM32CubeIDE_1.13.2/STM32CubeIDE/plugins/com.st.stm32cube.ide.mcu.externaltools.gnu-tools-for-stm32.11.3.rel1.win32_1.1.1.202309131626/tools/bin/../lib/gcc/arm-none-eabi/11.3.1/../../../../arm-none-eabi/lib/thumb/v7-m/nofp\libnosys.a
END GROUP
LOAD C:/ST/STM32CubeIDE_1.13.2/STM32CubeIDE/plugins/com.st.stm32cube.ide.mcu.externaltools.gnu-tools-for-stm32.11.3.rel1.win32_1.1.1.202309131626/tools/bin/../lib/gcc/arm-none-eabi/11.3.1/thumb/v7-m/nofp/crtend.o
LOAD C:/ST/STM32CubeIDE_1.13.2/STM32CubeIDE/plugins/com.st.stm32cube.ide.mcu.externaltools.gnu-tools-for-stm32.11.3.rel1.win32_1.1.1.202309131626/tools/bin/../lib/gcc/arm-none-eabi/11.3.1/thumb/v7-m/nofp/crtn.o
                0x0000000020002800                _estack = (ORIGIN (RAM) + LENGTH (RAM))
                0x0000000000000200                _Min_Heap_Size = 0x200
                0x0000000000000400                _Min_Stack_Size = 0x400

.isr_vector     0x0000000008000000      0x130
                0x0000000008000000                . = ALIGN (0x4)
 *(.isr_vector)
 .isr_vector    0x0000000008000000      0x130 ./Startup/startup_stm32f103c6tx.o
                0x0000000008000000                g_pfnVectors
                0x0000000008000130                . = ALIGN (0x4)

.text           0x0000000008000130      0x44c
                0x0000000008000130                . = ALIGN (0x4)
 *(.text)
 .text          0x0000000008000130       0x40 C:/ST/STM32CubeIDE_1.13.2/STM32CubeIDE/plugins/com.st.stm32cube.ide.mcu.externaltools.gnu-tools-for-stm32.11.3.rel1.win32_1.1.1.202309131626/tools/bin/../lib/gcc/arm-none-eabi/11.3.1/thumb/v7-m/nofp/crtbegin.o
 *(.text*)
 .text.OS_SVC_Services
                0x0000000008000170       0x88 ./Src/main.o
                0x0000000008000170                OS_SVC_Services
 .text.PendSV_Handler
                0x00000000080001f8        0xc ./Src/main.o
                0x00000000080001f8                PendSV_Handler
 .text.SVC_Handler
                0x0000000008000204       0x14 ./Src/main.o
                0x0000000008000204                SVC_Handler
 .text.OS_SVC_Set
                0x0000000008000218       0x4c ./Src/main.o
                0x0000000008000218                OS_SVC_Set
 .text.main     0x0000000008000264       0x44 ./Src/main.o
                0x0000000008000264                main
 .text.Reset_Handler
                0x00000000080002a8       0x50 ./Startup/startup_stm32f103c6tx.o
                0x00000000080002a8                Reset_Handler
 .text.Default_Handler
                0x00000000080002f8        0x2 ./Startup/startup_stm32f103c6tx.o
                0x00000000080002f8                TIM8_TRG_COM_IRQHandler
                0x00000000080002f8                TIM8_CC_IRQHandler
                0x00000000080002f8                DebugMon_Handler
                0x00000000080002f8                TIM1_CC_IRQHandler
                0x00000000080002f8                HardFault_Handler
                0x00000000080002f8                TIM6_IRQHandler
                0x00000000080002f8                SysTick_Handler
                0x00000000080002f8                PVD_IRQHandler
                0x00000000080002f8                SDIO_IRQHandler
                0x00000000080002f8                NMI_Handler
                0x00000000080002f8                USB_HP_CAN_TX_IRQHandler
                0x00000000080002f8                I2C2_EV_IRQHandler
                0x00000000080002f8                UsageFault_Handler
                0x00000000080002f8                ADC1_2_IRQHandler
                0x00000000080002f8                SPI1_IRQHandler
                0x00000000080002f8                CAN_SCE_IRQHandler
                0x00000000080002f8                TAMPER_IRQHandler
                0x00000000080002f8                TIM8_UP_IRQHandler
                0x00000000080002f8                DMA2_Channel2_IRQHandler
                0x00000000080002f8                DMA1_Channel4_IRQHandler
                0x00000000080002f8                USART3_IRQHandler
                0x00000000080002f8                RTC_IRQHandler
                0x00000000080002f8                DMA1_Channel7_IRQHandler
                0x00000000080002f8                UART5_IRQHandler
                0x00000000080002f8                ADC3_IRQHandler
                0x00000000080002f8                TIM4_IRQHandler
                0x00000000080002f8                CAN_RX1_IRQHandler
                0x00000000080002f8                DMA2_Channel1_IRQHandler
                0x00000000080002f8                I2C1_EV_IRQHandler
                0x00000000080002f8                DMA1_Channel6_IRQHandler
                0x00000000080002f8                UART4_IRQHandler
                0x00000000080002f8                TIM3_IRQHandler
                0x00000000080002f8                RCC_IRQHandler
                0x00000000080002f8                TIM1_TRG_COM_IRQHandler
                0x00000000080002f8                DMA1_Channel1_IRQHandler
                0x00000000080002f8                Default_Handler
                0x00000000080002f8                TIM7_IRQHandler
                0x00000000080002f8                TIM5_IRQHandler
                0x00000000080002f8                SPI2_IRQHandler
                0x00000000080002f8                USB_LP_CAN_RX0_IRQHandler
                0x00000000080002f8                MemManage_Handler
                0x00000000080002f8                DMA1_Channel5_IRQHandler
                0x00000000080002f8                DMA1_Channel3_IRQHandler
                0x00000000080002f8                FSMC_IRQHandler
                0x00000000080002f8                TIM1_UP_IRQHandler
                0x00000000080002f8                WWDG_IRQHandler
                0x00000000080002f8                TIM2_IRQHandler
                0x00000000080002f8                TIM1_BRK_IRQHandler
                0x00000000080002f8                RTCAlarm_IRQHandler
                0x00000000080002f8                DMA2_Channel4_5_IRQHandler
                0x00000000080002f8                USART2_IRQHandler
                0x00000000080002f8                I2C2_ER_IRQHandler
                0x00000000080002f8                DMA1_Channel2_IRQHandler
                0x00000000080002f8                TIM8_BRK_IRQHandler
                0x00000000080002f8                FLASH_IRQHandler
                0x00000000080002f8                BusFault_Handler
                0x00000000080002f8                USART1_IRQHandler
                0x00000000080002f8                SPI3_IRQHandler
                0x00000000080002f8                I2C1_ER_IRQHandler
                0x00000000080002f8                DMA2_Channel3_IRQHandler
 *fill*         0x00000000080002fa        0x2 
 .text.EXTI0_IRQHandler
                0x00000000080002fc       0x24 ./stm_driver/EXTI/Stm32_F103C6_EXTI_driver.o
                0x00000000080002fc                EXTI0_IRQHandler
 .text.EXTI1_IRQHandler
                0x0000000008000320       0x24 ./stm_driver/EXTI/Stm32_F103C6_EXTI_driver.o
                0x0000000008000320                EXTI1_IRQHandler
 .text.EXTI2_IRQHandler
                0x0000000008000344       0x24 ./stm_driver/EXTI/Stm32_F103C6_EXTI_driver.o
                0x0000000008000344                EXTI2_IRQHandler
 .text.EXTI3_IRQHandler
                0x0000000008000368       0x24 ./stm_driver/EXTI/Stm32_F103C6_EXTI_driver.o
                0x0000000008000368                EXTI3_IRQHandler
 .text.EXTI4_IRQHandler
                0x000000000800038c       0x24 ./stm_driver/EXTI/Stm32_F103C6_EXTI_driver.o
                0x000000000800038c                EXTI4_IRQHandler
 .text.EXTI9_5_IRQHandler
                0x00000000080003b0       0xa8 ./stm_driver/EXTI/Stm32_F103C6_EXTI_driver.o
                0x00000000080003b0                EXTI9_5_IRQHandler
 .text.EXTI15_10_IRQHandler
                0x0000000008000458       0xc4 ./stm_driver/EXTI/Stm32_F103C6_EXTI_driver.o
                0x0000000008000458                EXTI15_10_IRQHandler
 .text.__libc_init_array
                0x000000000800051c       0x48 C:/ST/STM32CubeIDE_1.13.2/STM32CubeIDE/plugins/com.st.stm32cube.ide.mcu.externaltools.gnu-tools-for-stm32.11.3.rel1.win32_1.1.1.202309131626/tools/bin/../lib/gcc/arm-none-eabi/11.3.1/../../../../arm-none-eabi/lib/thumb/v7-m/nofp\libc_nano.a(libc_a-init.o)
                0x000000000800051c                __libc_init_array
 *(.glue_7)
 .glue_7        0x0000000008000564        0x0 linker stubs
 *(.glue_7t)
 .glue_7t       0x0000000008000564        0x0 linker stubs
 *(.eh_frame)
 .eh_frame      0x0000000008000564        0x0 C:/ST/STM32CubeIDE_1.13.2/STM32CubeIDE/plugins/com.st.stm32cube.ide.mcu.externaltools.gnu-tools-for-stm32.11.3.rel1.win32_1.1.1.202309131626/tools/bin/../lib/gcc/arm-none-eabi/11.3.1/thumb/v7-m/nofp/crtbegin.o
 *(.init)
 .init          0x0000000008000564        0x4 C:/ST/STM32CubeIDE_1.13.2/STM32CubeIDE/plugins/com.st.stm32cube.ide.mcu.externaltools.gnu-tools-for-stm32.11.3.rel1.win32_1.1.1.202309131626/tools/bin/../lib/gcc/arm-none-eabi/11.3.1/thumb/v7-m/nofp/crti.o
                0x0000000008000564                _init
 .init          0x0000000008000568        0x8 C:/ST/STM32CubeIDE_1.13.2/STM32CubeIDE/plugins/com.st.stm32cube.ide.mcu.externaltools.gnu-tools-for-stm32.11.3.rel1.win32_1.1.1.202309131626/tools/bin/../lib/gcc/arm-none-eabi/11.3.1/thumb/v7-m/nofp/crtn.o
 *(.fini)
 .fini          0x0000000008000570        0x4 C:/ST/STM32CubeIDE_1.13.2/STM32CubeIDE/plugins/com.st.stm32cube.ide.mcu.externaltools.gnu-tools-for-stm32.11.3.rel1.win32_1.1.1.202309131626/tools/bin/../lib/gcc/arm-none-eabi/11.3.1/thumb/v7-m/nofp/crti.o
                0x0000000008000570                _fini
 .fini          0x0000000008000574        0x8 C:/ST/STM32CubeIDE_1.13.2/STM32CubeIDE/plugins/com.st.stm32cube.ide.mcu.externaltools.gnu-tools-for-stm32.11.3.rel1.win32_1.1.1.202309131626/tools/bin/../lib/gcc/arm-none-eabi/11.3.1/thumb/v7-m/nofp/crtn.o
                0x000000000800057c                . = ALIGN (0x4)
                0x000000000800057c                _etext = .

.vfp11_veneer   0x000000000800057c        0x0
 .vfp11_veneer  0x000000000800057c        0x0 linker stubs

.v4_bx          0x000000000800057c        0x0
 .v4_bx         0x000000000800057c        0x0 linker stubs

.iplt           0x000000000800057c        0x0
 .iplt          0x000000000800057c        0x0 C:/ST/STM32CubeIDE_1.13.2/STM32CubeIDE/plugins/com.st.stm32cube.ide.mcu.externaltools.gnu-tools-for-stm32.11.3.rel1.win32_1.1.1.202309131626/tools/bin/../lib/gcc/arm-none-eabi/11.3.1/thumb/v7-m/nofp/crtbegin.o

.rel.dyn        0x000000000800057c        0x0
 .rel.iplt      0x000000000800057c        0x0 C:/ST/STM32CubeIDE_1.13.2/STM32CubeIDE/plugins/com.st.stm32cube.ide.mcu.externaltools.gnu-tools-for-stm32.11.3.rel1.win32_1.1.1.202309131626/tools/bin/../lib/gcc/arm-none-eabi/11.3.1/thumb/v7-m/nofp/crtbegin.o

.rodata         0x000000000800057c        0x0
                0x000000000800057c                . = ALIGN (0x4)
 *(.rodata)
 *(.rodata*)
                0x000000000800057c                . = ALIGN (0x4)

.ARM.extab      0x000000000800057c        0x0
                0x000000000800057c                . = ALIGN (0x4)
 *(.ARM.extab* .gnu.linkonce.armextab.*)
                0x000000000800057c                . = ALIGN (0x4)

.ARM            0x000000000800057c        0x0
                0x000000000800057c                . = ALIGN (0x4)
                0x000000000800057c                __exidx_start = .
 *(.ARM.exidx*)
                0x000000000800057c                __exidx_end = .
                0x000000000800057c                . = ALIGN (0x4)

.preinit_array  0x000000000800057c        0x0
                0x000000000800057c                . = ALIGN (0x4)
                0x000000000800057c                PROVIDE (__preinit_array_start = .)
 *(.preinit_array*)
                0x000000000800057c                PROVIDE (__preinit_array_end = .)
                0x000000000800057c                . = ALIGN (0x4)

.init_array     0x000000000800057c        0x4
                0x000000000800057c                . = ALIGN (0x4)
                0x000000000800057c                PROVIDE (__init_array_start = .)
 *(SORT_BY_NAME(.init_array.*))
 *(.init_array*)
 .init_array    0x000000000800057c        0x4 C:/ST/STM32CubeIDE_1.13.2/STM32CubeIDE/plugins/com.st.stm32cube.ide.mcu.externaltools.gnu-tools-for-stm32.11.3.rel1.win32_1.1.1.202309131626/tools/bin/../lib/gcc/arm-none-eabi/11.3.1/thumb/v7-m/nofp/crtbegin.o
                0x0000000008000580                PROVIDE (__init_array_end = .)
                0x0000000008000580                . = ALIGN (0x4)

.fini_array     0x0000000008000580        0x4
                0x0000000008000580                . = ALIGN (0x4)
                [!provide]                        PROVIDE (__fini_array_start = .)
 *(SORT_BY_NAME(.fini_array.*))
 *(.fini_array*)
 .fini_array    0x0000000008000580        0x4 C:/ST/STM32CubeIDE_1.13.2/STM32CubeIDE/plugins/com.st.stm32cube.ide.mcu.externaltools.gnu-tools-for-stm32.11.3.rel1.win32_1.1.1.202309131626/tools/bin/../lib/gcc/arm-none-eabi/11.3.1/thumb/v7-m/nofp/crtbegin.o
                [!provide]                        PROVIDE (__fini_array_end = .)
                0x0000000008000584                . = ALIGN (0x4)
                0x0000000008000584                _sidata = LOADADDR (.data)

.data           0x0000000020000000        0x0 load address 0x0000000008000584
                0x0000000020000000                . = ALIGN (0x4)
                0x0000000020000000                _sdata = .
 *(.data)
 *(.data*)
 *(.RamFunc)
 *(.RamFunc*)
                0x0000000020000000                . = ALIGN (0x4)
                0x0000000020000000                _edata = .

.igot.plt       0x0000000020000000        0x0 load address 0x0000000008000584
 .igot.plt      0x0000000020000000        0x0 C:/ST/STM32CubeIDE_1.13.2/STM32CubeIDE/plugins/com.st.stm32cube.ide.mcu.externaltools.gnu-tools-for-stm32.11.3.rel1.win32_1.1.1.202309131626/tools/bin/../lib/gcc/arm-none-eabi/11.3.1/thumb/v7-m/nofp/crtbegin.o
                0x0000000020000000                . = ALIGN (0x4)

.bss            0x0000000020000000       0x5c load address 0x0000000008000584
                0x0000000020000000                _sbss = .
                0x0000000020000000                __bss_start__ = _sbss
 *(.bss)
 .bss           0x0000000020000000       0x1c C:/ST/STM32CubeIDE_1.13.2/STM32CubeIDE/plugins/com.st.stm32cube.ide.mcu.externaltools.gnu-tools-for-stm32.11.3.rel1.win32_1.1.1.202309131626/tools/bin/../lib/gcc/arm-none-eabi/11.3.1/thumb/v7-m/nofp/crtbegin.o
 *(.bss*)
 .bss.IRQ_Flag  0x000000002000001c        0x2 ./Src/main.o
                0x000000002000001c                IRQ_Flag
 *fill*         0x000000002000001e        0x2 
 .bss.GP_IRQ_CallBack
                0x0000000020000020       0x3c ./stm_driver/EXTI/Stm32_F103C6_EXTI_driver.o
                0x0000000020000020                GP_IRQ_CallBack
 *(COMMON)
                0x000000002000005c                . = ALIGN (0x4)
                0x000000002000005c                _ebss = .
                0x000000002000005c                __bss_end__ = _ebss

._user_heap_stack
                0x000000002000005c      0x604 load address 0x0000000008000584
                0x0000000020000060                . = ALIGN (0x8)
 *fill*         0x000000002000005c        0x4 
                [!provide]                        PROVIDE (end = .)
                0x0000000020000060                PROVIDE (_end = .)
                0x0000000020000260                . = (. + _Min_Heap_Size)
 *fill*         0x0000000020000060      0x200 
                0x0000000020000660                . = (. + _Min_Stack_Size)
 *fill*         0x0000000020000260      0x400 
                0x0000000020000660                . = ALIGN (0x8)

/DISCARD/
 libc.a(*)
 libm.a(*)
 libgcc.a(*)

.ARM.attributes
                0x0000000000000000       0x29
 *(.ARM.attributes)
 .ARM.attributes
                0x0000000000000000       0x1d C:/ST/STM32CubeIDE_1.13.2/STM32CubeIDE/plugins/com.st.stm32cube.ide.mcu.externaltools.gnu-tools-for-stm32.11.3.rel1.win32_1.1.1.202309131626/tools/bin/../lib/gcc/arm-none-eabi/11.3.1/thumb/v7-m/nofp/crti.o
 .ARM.attributes
                0x000000000000001d       0x2d C:/ST/STM32CubeIDE_1.13.2/STM32CubeIDE/plugins/com.st.stm32cube.ide.mcu.externaltools.gnu-tools-for-stm32.11.3.rel1.win32_1.1.1.202309131626/tools/bin/../lib/gcc/arm-none-eabi/11.3.1/thumb/v7-m/nofp/crtbegin.o
 .ARM.attributes
                0x000000000000004a       0x2d ./Src/main.o
 .ARM.attributes
                0x0000000000000077       0x21 ./Startup/startup_stm32f103c6tx.o
 .ARM.attributes
                0x0000000000000098       0x2d ./stm_driver/EXTI/Stm32_F103C6_EXTI_driver.o
 .ARM.attributes
                0x00000000000000c5       0x2d C:/ST/STM32CubeIDE_1.13.2/STM32CubeIDE/plugins/com.st.stm32cube.ide.mcu.externaltools.gnu-tools-for-stm32.11.3.rel1.win32_1.1.1.202309131626/tools/bin/../lib/gcc/arm-none-eabi/11.3.1/../../../../arm-none-eabi/lib/thumb/v7-m/nofp\libc_nano.a(libc_a-init.o)
 .ARM.attributes
                0x00000000000000f2       0x1d C:/ST/STM32CubeIDE_1.13.2/STM32CubeIDE/plugins/com.st.stm32cube.ide.mcu.externaltools.gnu-tools-for-stm32.11.3.rel1.win32_1.1.1.202309131626/tools/bin/../lib/gcc/arm-none-eabi/11.3.1/thumb/v7-m/nofp/crtn.o
OUTPUT(scv.elf elf32-littlearm)
LOAD linker stubs
LOAD C:/ST/STM32CubeIDE_1.13.2/STM32CubeIDE/plugins/com.st.stm32cube.ide.mcu.externaltools.gnu-tools-for-stm32.11.3.rel1.win32_1.1.1.202309131626/tools/bin/../lib/gcc/arm-none-eabi/11.3.1/../../../../arm-none-eabi/lib/thumb/v7-m/nofp\libc.a
LOAD C:/ST/STM32CubeIDE_1.13.2/STM32CubeIDE/plugins/com.st.stm32cube.ide.mcu.externaltools.gnu-tools-for-stm32.11.3.rel1.win32_1.1.1.202309131626/tools/bin/../lib/gcc/arm-none-eabi/11.3.1/../../../../arm-none-eabi/lib/thumb/v7-m/nofp\libm.a
LOAD C:/ST/STM32CubeIDE_1.13.2/STM32CubeIDE/plugins/com.st.stm32cube.ide.mcu.externaltools.gnu-tools-for-stm32.11.3.rel1.win32_1.1.1.202309131626/tools/bin/../lib/gcc/arm-none-eabi/11.3.1/thumb/v7-m/nofp\libgcc.a

.comment        0x0000000000000000       0x43
 .comment       0x0000000000000000       0x43 C:/ST/STM32CubeIDE_1.13.2/STM32CubeIDE/plugins/com.st.stm32cube.ide.mcu.externaltools.gnu-tools-for-stm32.11.3.rel1.win32_1.1.1.202309131626/tools/bin/../lib/gcc/arm-none-eabi/11.3.1/thumb/v7-m/nofp/crtbegin.o
                                         0x44 (size before relaxing)
 .comment       0x0000000000000043       0x44 ./Src/main.o
 .comment       0x0000000000000043       0x44 ./stm_driver/EXTI/Stm32_F103C6_EXTI_driver.o

.debug_info     0x0000000000000000      0xa84
 .debug_info    0x0000000000000000      0x532 ./Src/main.o
 .debug_info    0x0000000000000532       0x23 ./Startup/startup_stm32f103c6tx.o
 .debug_info    0x0000000000000555      0x52f ./stm_driver/EXTI/Stm32_F103C6_EXTI_driver.o

.debug_abbrev   0x0000000000000000      0x364
 .debug_abbrev  0x0000000000000000      0x1b8 ./Src/main.o
 .debug_abbrev  0x00000000000001b8       0x12 ./Startup/startup_stm32f103c6tx.o
 .debug_abbrev  0x00000000000001ca      0x19a ./stm_driver/EXTI/Stm32_F103C6_EXTI_driver.o

.debug_loc      0x0000000000000000      0x570
 .debug_loc     0x0000000000000000      0x250 ./Src/main.o
 .debug_loc     0x0000000000000250      0x320 ./stm_driver/EXTI/Stm32_F103C6_EXTI_driver.o

.debug_aranges  0x0000000000000000      0x108
 .debug_aranges
                0x0000000000000000       0x60 ./Src/main.o
 .debug_aranges
                0x0000000000000060       0x28 ./Startup/startup_stm32f103c6tx.o
 .debug_aranges
                0x0000000000000088       0x80 ./stm_driver/EXTI/Stm32_F103C6_EXTI_driver.o

.debug_ranges   0x0000000000000000       0xc0
 .debug_ranges  0x0000000000000000       0x50 ./Src/main.o
 .debug_ranges  0x0000000000000050       0x70 ./stm_driver/EXTI/Stm32_F103C6_EXTI_driver.o

.debug_macro    0x0000000000000000     0x2fa7
 .debug_macro   0x0000000000000000      0x1da ./Src/main.o
 .debug_macro   0x00000000000001da      0xa8a ./Src/main.o
 .debug_macro   0x0000000000000c64       0x22 ./Src/main.o
 .debug_macro   0x0000000000000c86       0x8e ./Src/main.o
 .debug_macro   0x0000000000000d14       0x51 ./Src/main.o
 .debug_macro   0x0000000000000d65      0x103 ./Src/main.o
 .debug_macro   0x0000000000000e68       0x6a ./Src/main.o
 .debug_macro   0x0000000000000ed2      0x1df ./Src/main.o
 .debug_macro   0x00000000000010b1       0x24 ./Src/main.o
 .debug_macro   0x00000000000010d5       0x61 ./Src/main.o
 .debug_macro   0x0000000000001136       0x43 ./Src/main.o
 .debug_macro   0x0000000000001179       0x34 ./Src/main.o
 .debug_macro   0x00000000000011ad       0x16 ./Src/main.o
 .debug_macro   0x00000000000011c3      0x10e ./Src/main.o
 .debug_macro   0x00000000000012d1       0x8d ./Src/main.o
 .debug_macro   0x000000000000135e       0x16 ./Src/main.o
 .debug_macro   0x0000000000001374       0x43 ./Src/main.o
 .debug_macro   0x00000000000013b7       0x34 ./Src/main.o
 .debug_macro   0x00000000000013eb       0x10 ./Src/main.o
 .debug_macro   0x00000000000013fb       0x58 ./Src/main.o
 .debug_macro   0x0000000000001453       0x8e ./Src/main.o
 .debug_macro   0x00000000000014e1       0x1c ./Src/main.o
 .debug_macro   0x00000000000014fd      0x177 ./Src/main.o
 .debug_macro   0x0000000000001674      0x369 ./Src/main.o
 .debug_macro   0x00000000000019dd       0x16 ./Src/main.o
 .debug_macro   0x00000000000019f3       0x29 ./Src/main.o
 .debug_macro   0x0000000000001a1c      0x1b0 ./Src/main.o
 .debug_macro   0x0000000000001bcc       0xd6 ./Src/main.o
 .debug_macro   0x0000000000001ca2      0x225 ./Src/main.o
 .debug_macro   0x0000000000001ec7       0x28 ./Src/main.o
 .debug_macro   0x0000000000001eef       0x1c ./Src/main.o
 .debug_macro   0x0000000000001f0b       0x22 ./Src/main.o
 .debug_macro   0x0000000000001f2d       0xdf ./Src/main.o
 .debug_macro   0x000000000000200c      0xe3c ./Src/main.o
 .debug_macro   0x0000000000002e48      0x15f ./stm_driver/EXTI/Stm32_F103C6_EXTI_driver.o

.debug_line     0x0000000000000000     0x1290
 .debug_line    0x0000000000000000      0x7b9 ./Src/main.o
 .debug_line    0x00000000000007b9       0x7b ./Startup/startup_stm32f103c6tx.o
 .debug_line    0x0000000000000834      0xa5c ./stm_driver/EXTI/Stm32_F103C6_EXTI_driver.o

.debug_str      0x0000000000000000     0xec36
 .debug_str     0x0000000000000000     0xe938 ./Src/main.o
                                       0xeb49 (size before relaxing)
 .debug_str     0x000000000000e938       0x2f ./Startup/startup_stm32f103c6tx.o
                                         0x8c (size before relaxing)
 .debug_str     0x000000000000e967      0x2cf ./stm_driver/EXTI/Stm32_F103C6_EXTI_driver.o
                                       0x9288 (size before relaxing)

.debug_frame    0x0000000000000000      0x314
 .debug_frame   0x0000000000000000      0x138 ./Src/main.o
 .debug_frame   0x0000000000000138      0x1b0 ./stm_driver/EXTI/Stm32_F103C6_EXTI_driver.o
 .debug_frame   0x00000000000002e8       0x2c C:/ST/STM32CubeIDE_1.13.2/STM32CubeIDE/plugins/com.st.stm32cube.ide.mcu.externaltools.gnu-tools-for-stm32.11.3.rel1.win32_1.1.1.202309131626/tools/bin/../lib/gcc/arm-none-eabi/11.3.1/../../../../arm-none-eabi/lib/thumb/v7-m/nofp\libc_nano.a(libc_a-init.o)

.debug_line_str
                0x0000000000000000       0x80
 .debug_line_str
                0x0000000000000000       0x80 ./Startup/startup_stm32f103c6tx.o
                                         0x98 (size before relaxing)

.debug_rnglists
                0x0000000000000000       0x19
 .debug_rnglists
                0x0000000000000000       0x19 ./Startup/startup_stm32f103c6tx.o
