20:37:12 **** Clean-only build of configuration Release for project UART ****
make -j16 clean 
rm -rf ./app\ layer/test_uart_polling.cyclo ./app\ layer/test_uart_polling.d ./app\ layer/test_uart_polling.o ./app\ layer/test_uart_polling.su
rm -rf ./Startup/startup_stm32f103c4tx.d ./Startup/startup_stm32f103c4tx.o
rm -rf ./Src/main.cyclo ./Src/main.d ./Src/main.o ./Src/main.su ./Src/syscalls.cyclo ./Src/syscalls.d ./Src/syscalls.o ./Src/syscalls.su ./Src/sysmem.cyclo ./Src/sysmem.d ./Src/sysmem.o ./Src/sysmem.su
rm -rf UART.elf UART.list UART.map default.size.stdout
 
20:37:12 **** Incremental Build of configuration Release for project UART ****
make -j16 all 
arm-none-eabi-gcc "../app layer/test_uart_polling.c" -mcpu=cortex-m3 -std=gnu11 -DSTM32 -DSTM32F103C4Tx -DSTM32F1 -c -I../Inc -I"C:/Users/ahmed/Desktop/github/embedded_diploma/embedded_diplom/learn_in_depth/Unit_8_MCU_Interfacing/lesson_3_USART_stm/UART_DRIVER_INTERRUPT/UART/app layer/inc" -Os -ffunction-sections -fdata-sections -Wall -fstack-usage -fcyclomatic-complexity -MMD -MP -MF"app layer/test_uart_polling.d" -MT"app layer/test_uart_polling.o" --specs=nano.specs -mfloat-abi=soft -mthumb -o "app layer/test_uart_polling.o"
arm-none-eabi-gcc -mcpu=cortex-m3 -c -x assembler-with-cpp -MMD -MP -MF"Startup/startup_stm32f103c4tx.d" -MT"Startup/startup_stm32f103c4tx.o" --specs=nano.specs -mfloat-abi=soft -mthumb -o "Startup/startup_stm32f103c4tx.o" "../Startup/startup_stm32f103c4tx.s"
arm-none-eabi-gcc "../Src/main.c" -mcpu=cortex-m3 -std=gnu11 -DSTM32 -DSTM32F103C4Tx -DSTM32F1 -c -I../Inc -I"C:/Users/ahmed/Desktop/github/embedded_diploma/embedded_diplom/learn_in_depth/Unit_8_MCU_Interfacing/lesson_3_USART_stm/UART_DRIVER_INTERRUPT/UART/MCAL/inc" -I"C:/Users/ahmed/Desktop/github/embedded_diploma/embedded_diplom/learn_in_depth/Unit_8_MCU_Interfacing/lesson_3_USART_stm/UART_DRIVER_INTERRUPT/UART/app layer/inc" -Os -ffunction-sections -fdata-sections -Wall -fstack-usage -fcyclomatic-complexity -MMD -MP -MF"Src/main.d" -MT"Src/main.o" --specs=nano.specs -mfloat-abi=soft -mthumb -o "Src/main.o"
arm-none-eabi-gcc "../Src/syscalls.c" -mcpu=cortex-m3 -std=gnu11 -DSTM32 -DSTM32F103C4Tx -DSTM32F1 -c -I../Inc -I"C:/Users/ahmed/Desktop/github/embedded_diploma/embedded_diplom/learn_in_depth/Unit_8_MCU_Interfacing/lesson_3_USART_stm/UART_DRIVER_INTERRUPT/UART/MCAL/inc" -I"C:/Users/ahmed/Desktop/github/embedded_diploma/embedded_diplom/learn_in_depth/Unit_8_MCU_Interfacing/lesson_3_USART_stm/UART_DRIVER_INTERRUPT/UART/app layer/inc" -Os -ffunction-sections -fdata-sections -Wall -fstack-usage -fcyclomatic-complexity -MMD -MP -MF"Src/syscalls.d" -MT"Src/syscalls.o" --specs=nano.specs -mfloat-abi=soft -mthumb -o "Src/syscalls.o"
arm-none-eabi-gcc "../Src/sysmem.c" -mcpu=cortex-m3 -std=gnu11 -DSTM32 -DSTM32F103C4Tx -DSTM32F1 -c -I../Inc -I"C:/Users/ahmed/Desktop/github/embedded_diploma/embedded_diplom/learn_in_depth/Unit_8_MCU_Interfacing/lesson_3_USART_stm/UART_DRIVER_INTERRUPT/UART/MCAL/inc" -I"C:/Users/ahmed/Desktop/github/embedded_diploma/embedded_diplom/learn_in_depth/Unit_8_MCU_Interfacing/lesson_3_USART_stm/UART_DRIVER_INTERRUPT/UART/app layer/inc" -Os -ffunction-sections -fdata-sections -Wall -fstack-usage -fcyclomatic-complexity -MMD -MP -MF"Src/sysmem.d" -MT"Src/sysmem.o" --specs=nano.specs -mfloat-abi=soft -mthumb -o "Src/sysmem.o"
arm-none-eabi-gcc "C:/Users/ahmed/Desktop/github/embedded_diploma/embedded_diplom/learn_in_depth/Unit_8_MCU_Interfacing/lesson_3_USART_stm/UART_DRIVER_INTERRUPT/UART/MCAL/stm32f103c6tx_EXTI.c" -mcpu=cortex-m3 -std=gnu11 -DSTM32 -DSTM32F103C4Tx -DSTM32F1 -c -I../Inc -I"C:/Users/ahmed/Desktop/github/embedded_diploma/embedded_diplom/learn_in_depth/Unit_8_MCU_Interfacing/lesson_3_USART_stm/UART_DRIVER_INTERRUPT/UART/MCAL/inc" -I"C:/Users/ahmed/Desktop/github/embedded_diploma/embedded_diplom/learn_in_depth/Unit_8_MCU_Interfacing/lesson_3_USART_stm/UART_DRIVER_INTERRUPT/UART/app layer/inc" -Os -ffunction-sections -fdata-sections -Wall -fstack-usage -fcyclomatic-complexity -MMD -MP -MF"MCAL/stm32f103c6tx_EXTI.d" -MT"MCAL/stm32f103c6tx_EXTI.o" --specs=nano.specs -mfloat-abi=soft -mthumb -o "MCAL/stm32f103c6tx_EXTI.o"
arm-none-eabi-gcc "C:/Users/ahmed/Desktop/github/embedded_diploma/embedded_diplom/learn_in_depth/Unit_8_MCU_Interfacing/lesson_3_USART_stm/UART_DRIVER_INTERRUPT/UART/MCAL/stm32f103c6tx_GPIO.c" -mcpu=cortex-m3 -std=gnu11 -DSTM32 -DSTM32F103C4Tx -DSTM32F1 -c -I../Inc -I"C:/Users/ahmed/Desktop/github/embedded_diploma/embedded_diplom/learn_in_depth/Unit_8_MCU_Interfacing/lesson_3_USART_stm/UART_DRIVER_INTERRUPT/UART/MCAL/inc" -I"C:/Users/ahmed/Desktop/github/embedded_diploma/embedded_diplom/learn_in_depth/Unit_8_MCU_Interfacing/lesson_3_USART_stm/UART_DRIVER_INTERRUPT/UART/app layer/inc" -Os -ffunction-sections -fdata-sections -Wall -fstack-usage -fcyclomatic-complexity -MMD -MP -MF"MCAL/stm32f103c6tx_GPIO.d" -MT"MCAL/stm32f103c6tx_GPIO.o" --specs=nano.specs -mfloat-abi=soft -mthumb -o "MCAL/stm32f103c6tx_GPIO.o"
arm-none-eabi-gcc "C:/Users/ahmed/Desktop/github/embedded_diploma/embedded_diplom/learn_in_depth/Unit_8_MCU_Interfacing/lesson_3_USART_stm/UART_DRIVER_INTERRUPT/UART/MCAL/stm32f103c6tx_RCC.c" -mcpu=cortex-m3 -std=gnu11 -DSTM32 -DSTM32F103C4Tx -DSTM32F1 -c -I../Inc -I"C:/Users/ahmed/Desktop/github/embedded_diploma/embedded_diplom/learn_in_depth/Unit_8_MCU_Interfacing/lesson_3_USART_stm/UART_DRIVER_INTERRUPT/UART/MCAL/inc" -I"C:/Users/ahmed/Desktop/github/embedded_diploma/embedded_diplom/learn_in_depth/Unit_8_MCU_Interfacing/lesson_3_USART_stm/UART_DRIVER_INTERRUPT/UART/app layer/inc" -Os -ffunction-sections -fdata-sections -Wall -fstack-usage -fcyclomatic-complexity -MMD -MP -MF"MCAL/stm32f103c6tx_RCC.d" -MT"MCAL/stm32f103c6tx_RCC.o" --specs=nano.specs -mfloat-abi=soft -mthumb -o "MCAL/stm32f103c6tx_RCC.o"
arm-none-eabi-gcc "C:/Users/ahmed/Desktop/github/embedded_diploma/embedded_diplom/learn_in_depth/Unit_8_MCU_Interfacing/lesson_3_USART_stm/UART_DRIVER_INTERRUPT/UART/MCAL/stm32f103c6tx_UASRT.c" -mcpu=cortex-m3 -std=gnu11 -DSTM32 -DSTM32F103C4Tx -DSTM32F1 -c -I../Inc -I"C:/Users/ahmed/Desktop/github/embedded_diploma/embedded_diplom/learn_in_depth/Unit_8_MCU_Interfacing/lesson_3_USART_stm/UART_DRIVER_INTERRUPT/UART/MCAL/inc" -I"C:/Users/ahmed/Desktop/github/embedded_diploma/embedded_diplom/learn_in_depth/Unit_8_MCU_Interfacing/lesson_3_USART_stm/UART_DRIVER_INTERRUPT/UART/app layer/inc" -Os -ffunction-sections -fdata-sections -Wall -fstack-usage -fcyclomatic-complexity -MMD -MP -MF"MCAL/stm32f103c6tx_UASRT.d" -MT"MCAL/stm32f103c6tx_UASRT.o" --specs=nano.specs -mfloat-abi=soft -mthumb -o "MCAL/stm32f103c6tx_UASRT.o"
C:/Users/ahmed/Desktop/github/embedded_diploma/embedded_diplom/learn_in_depth/Unit_8_MCU_Interfacing/lesson_3_USART_stm/UART_DRIVER_INTERRUPT/UART/MCAL/stm32f103c6tx_RCC.c: In function 'MCAL_RCC_GetSYS_CLKFreq':
C:/Users/ahmed/Desktop/github/embedded_diploma/embedded_diplom/learn_in_depth/Unit_8_MCU_Interfacing/lesson_3_USART_stm/UART_DRIVER_INTERRUPT/UART/MCAL/stm32f103c6tx_RCC.c:52:1: warning: control reaches end of non-void function [-Wreturn-type]
   52 | }
      | ^
C:/Users/ahmed/Desktop/github/embedded_diploma/embedded_diplom/learn_in_depth/Unit_8_MCU_Interfacing/lesson_3_USART_stm/UART_DRIVER_INTERRUPT/UART/MCAL/stm32f103c6tx_EXTI.c: In function 'EXTI15_10_IRQHandler':
C:/Users/ahmed/Desktop/github/embedded_diploma/embedded_diplom/learn_in_depth/Unit_8_MCU_Interfacing/lesson_3_USART_stm/UART_DRIVER_INTERRUPT/UART/MCAL/stm32f103c6tx_EXTI.c:241:70: warning: array subscript 15 is above array bounds of 'void (*[15])(void)' [-Warray-bounds]
  241 |         if (EXTI->PR & 1<<15)   {EXTI->PR |= (1<<15); GP_IRQ_CallBack[15]();}
      |                                                       ~~~~~~~~~~~~~~~^~~~
C:/Users/ahmed/Desktop/github/embedded_diploma/embedded_diplom/learn_in_depth/Unit_8_MCU_Interfacing/lesson_3_USART_stm/UART_DRIVER_INTERRUPT/UART/MCAL/stm32f103c6tx_EXTI.c:8:9: note: while referencing 'GP_IRQ_CallBack'
    8 | void (* GP_IRQ_CallBack[15])(void); // Array Of 15 Pointer To Functions Take void And Return Nothing
      |         ^~~~~~~~~~~~~~~
C:/Users/ahmed/Desktop/github/embedded_diploma/embedded_diplom/learn_in_depth/Unit_8_MCU_Interfacing/lesson_3_USART_stm/UART_DRIVER_INTERRUPT/UART/MCAL/stm32f103c6tx_UASRT.c: In function 'MCAL_UART_Init':
C:/Users/ahmed/Desktop/github/embedded_diploma/embedded_diplom/learn_in_depth/Unit_8_MCU_Interfacing/lesson_3_USART_stm/UART_DRIVER_INTERRUPT/UART/MCAL/stm32f103c6tx_UASRT.c:67:24: warning: implicit declaration of function 'MCAL_RCC_GetPCLK2Freq' [-Wimplicit-function-declaration]
   67 |                 pclk = MCAL_RCC_GetPCLK2Freq();
      |                        ^~~~~~~~~~~~~~~~~~~~~
C:/Users/ahmed/Desktop/github/embedded_diploma/embedded_diplom/learn_in_depth/Unit_8_MCU_Interfacing/lesson_3_USART_stm/UART_DRIVER_INTERRUPT/UART/MCAL/stm32f103c6tx_UASRT.c:72:24: warning: implicit declaration of function 'MCAL_RCC_GetPCLK1Freq' [-Wimplicit-function-declaration]
   72 |                 pclk = MCAL_RCC_GetPCLK1Freq();
      |                        ^~~~~~~~~~~~~~~~~~~~~
arm-none-eabi-gcc -o "UART.elf" @"objects.list"   -mcpu=cortex-m3 -T"C:\Users\ahmed\Desktop\github\embedded_diploma\embedded_diplom\learn_in_depth\Unit_8_MCU_Interfacing\lesson_3_USART_stm\UART_DRIVER_INTERRUPT\UART\STM32F103C4TX_FLASH.ld" --specs=nosys.specs -Wl,-Map="UART.map" -Wl,--gc-sections -static --specs=nano.specs -mfloat-abi=soft -mthumb -Wl,--start-group -lc -lm -Wl,--end-group
Finished building target: UART.elf
 
arm-none-eabi-size  UART.elf 
arm-none-eabi-objdump -h -S UART.elf  > "UART.list"
   text	   data	    bss	    dec	    hex	filename
   2112	      8	   1640	   3760	    eb0	UART.elf
Finished building: default.size.stdout
 
Finished building: UART.list
 
